------- FILE bomber.asm LEVEL 1 PASS 2
      1  fffe					      processor	6502
      2  10000 ????
------- FILE macro.h LEVEL 2 PASS 2
      0  10000 ????				       include	"macro.h"
      1  10000 ????						; MACRO.H
      2  10000 ????						; Version 1.05, 13/NOVEMBER/2003
      3  10000 ????
      4  10000 ????		00 69	    VERSION_MACRO =	105
      5  10000 ????
      6  10000 ????						;
      7  10000 ????						; THIS FILE IS EXPLICITLY SUPPORTED AS A DASM-PREFERRED COMPANION FILE
      8  10000 ????						; PLEASE DO *NOT* REDISTRIBUTE MODIFIED VERSIONS OF THIS FILE!
      9  10000 ????						;
     10  10000 ????						; This file defines DASM macros useful for development for the Atari 2600.
     11  10000 ????						; It is distributed as a companion machine-specific support package
     12  10000 ????						; for the DASM compiler. Updates to this file, DASM, and associated tools are
     13  10000 ????						; available at at http://www.atari2600.org/dasm
     14  10000 ????						;
     15  10000 ????						; Many thanks to the people who have contributed.  If you take issue with the
     16  10000 ????						; contents, or would like to add something, please write to me
     17  10000 ????						; (atari2600@taswegian.com) with your contribution.
     18  10000 ????						;
     19  10000 ????						; Latest Revisions...
     20  10000 ????						;
     21  10000 ????						; 1.05  14/NOV/2003	  - Added VERSION_MACRO equate (which will reflect 100x version #)
     22  10000 ????						;			    This will allow conditional code to verify MACRO.H being
     23  10000 ????						;			    used for code assembly.
     24  10000 ????						; 1.04  13/NOV/2003	 - SET_POINTER macro added (16-bit address load)
     25  10000 ????						;
     26  10000 ????						; 1.03  23/JUN/2003	 - CLEAN_START macro added - clears TIA, RAM, registers
     27  10000 ????						;
     28  10000 ????						; 1.02  14/JUN/2003	 - VERTICAL_SYNC macro added
     29  10000 ????						;			   (standardised macro for vertical synch code)
     30  10000 ????						; 1.01  22/MAR/2003	 - SLEEP macro added.
     31  10000 ????						;			 - NO_ILLEGAL_OPCODES switch implemented
     32  10000 ????						; 1.0	22/MAR/2003		Initial release
     33  10000 ????
     34  10000 ????						; Note: These macros use illegal opcodes.  To disable illegal opcode usage,
     35  10000 ????						;   define the symbol NO_ILLEGAL_OPCODES (-DNO_ILLEGAL_OPCODES=1 on command-line).
     36  10000 ????						;   If you do not allow illegal opcode usage, you must include this file
     37  10000 ????						;   *after* including VCS.H (as the non-illegal opcodes access hardware
     38  10000 ????						;   registers and require them to be defined first).
     39  10000 ????
     40  10000 ????						; Available macros...
     41  10000 ????						;   SLEEP n		 - sleep for n cycles
     42  10000 ????						;   VERTICAL_SYNC	 - correct 3 scanline vertical synch code
     43  10000 ????						;   CLEAN_START	 - set machine to known state on startup
     44  10000 ????						;   SET_POINTER	 - load a 16-bit absolute to a 16-bit variable
     45  10000 ????
     46  10000 ????						;-------------------------------------------------------------------------------
     47  10000 ????						; SLEEP duration
     48  10000 ????						; Original author: Thomas Jentzsch
     49  10000 ????						; Inserts code which takes the specified number of cycles to execute.	This is
     50  10000 ????						; useful for code where precise timing is required.
     51  10000 ????						; ILLEGAL-OPCODE VERSION DOES NOT AFFECT FLAGS OR REGISTERS.
     52  10000 ????						; LEGAL OPCODE VERSION MAY AFFECT FLAGS
     53  10000 ????						; Uses illegal opcode (DASM 2.20.01 onwards).
     54  10000 ????
     55  10000 ????				       MAC	sleep
     56  10000 ????			    .CYCLES    SET	{1}
     57  10000 ????
     58  10000 ????				       IF	.CYCLES < 2
     59  10000 ????				       ECHO	"MACRO ERROR: 'SLEEP': Duration must be > 1"
     60  10000 ????				       ERR
     61  10000 ????				       ENDIF
     62  10000 ????
     63  10000 ????				       IF	.CYCLES & 1
     64  10000 ????				       IFNCONST	NO_ILLEGAL_OPCODES
     65  10000 ????				       nop	0
     66  10000 ????				       ELSE
     67  10000 ????				       bit	VSYNC
     68  10000 ????				       ENDIF
     69  10000 ????			    .CYCLES    SET	.CYCLES - 3
     70  10000 ????				       ENDIF
     71  10000 ????
     72  10000 ????				       REPEAT	.CYCLES / 2
     73  10000 ????				       nop
     74  10000 ????				       REPEND
     75  10000 ????				       ENDM		;usage: SLEEP n (n>1)
     76  10000 ????
     77  10000 ????						;-------------------------------------------------------------------------------
     78  10000 ????						; VERTICAL_SYNC
     79  10000 ????						; Original author: Manuel Polik
     80  10000 ????						; Inserts the code required for a proper 3 scannline
     81  10000 ????						; vertical sync sequence
     82  10000 ????						;
     83  10000 ????						; Note: Alters the accumulator
     84  10000 ????						;
     85  10000 ????						; IN:
     86  10000 ????						; OUT: A = 1
     87  10000 ????
     88  10000 ????				       MAC	vertical_sync
     89  10000 ????				       LDA	#$02	; A = VSYNC enable
     90  10000 ????				       STA	WSYNC	; Finish current line
     91  10000 ????				       STA	VSYNC	; Start vertical sync
     92  10000 ????				       STA	WSYNC	; 1st line vertical sync
     93  10000 ????				       STA	WSYNC	; 2nd line vertical sync
     94  10000 ????				       LSR		; A = VSYNC disable
     95  10000 ????				       STA	WSYNC	; 3rd line vertical sync
     96  10000 ????				       STA	VSYNC	; Stop vertical sync
     97  10000 ????				       ENDM
     98  10000 ????
     99  10000 ????						;-------------------------------------------------------------------------------
    100  10000 ????						; CLEAN_START
    101  10000 ????						; Original author: Andrew Davie
    102  10000 ????						; Standardised start-up code, clears stack, all TIA registers and RAM to 0
    103  10000 ????						; Sets stack pointer to $FF, and all registers to 0
    104  10000 ????						; Sets decimal mode off, sets interrupt flag (kind of un-necessary)
    105  10000 ????						; Use as very first section of code on boot (ie: at reset)
    106  10000 ????						; Code written to minimise total ROM usage - uses weird 6502 knowledge :)
    107  10000 ????
    108  10000 ????				       MAC	clean_start
    109  10000 ????				       sei
    110  10000 ????				       cld
    111  10000 ????
    112  10000 ????				       ldx	#0
    113  10000 ????				       txa
    114  10000 ????				       tay
    115  10000 ????			    .CLEAR_STACK dex
    116  10000 ????				       txs
    117  10000 ????				       pha
    118  10000 ????				       bne	.CLEAR_STACK	; SP=$FF, X = A = Y = 0
    119  10000 ????
    120  10000 ????				       ENDM
    121  10000 ????
    122  10000 ????						;-------------------------------------------------------
    123  10000 ????						; SET_POINTER
    124  10000 ????						; Original author: Manuel Rotschkar
    125  10000 ????						;
    126  10000 ????						; Sets a 2 byte RAM pointer to an absolute address.
    127  10000 ????						;
    128  10000 ????						; Usage: SET_POINTER pointer, address
    129  10000 ????						; Example: SET_POINTER SpritePTR, SpriteData
    130  10000 ????						;
    131  10000 ????						; Note: Alters the accumulator, NZ flags
    132  10000 ????						; IN 1: 2 byte RAM location reserved for pointer
    133  10000 ????						; IN 2: absolute address
    134  10000 ????
    135  10000 ????				       MAC	set_pointer
    136  10000 ????			    .POINTER   SET	{1}
    137  10000 ????			    .ADDRESS   SET	{2}
    138  10000 ????
    139  10000 ????				       LDA	#<.ADDRESS	; Get Lowbyte of Address
    140  10000 ????				       STA	.POINTER	; Store in pointer
    141  10000 ????				       LDA	#>.ADDRESS	; Get Hibyte of Address
    142  10000 ????				       STA	.POINTER+1	; Store in pointer+1
    143  10000 ????
    144  10000 ????				       ENDM
    145  10000 ????
    146  10000 ????
    147  10000 ????						;-------------------------------------------------------
    148  10000 ????						; SAME PAGE BRANCH CHECK
    149  10000 ????						; Original auther: John Payson
    150  10000 ????						;
    151  10000 ????						; Usage: sbeq, sbne, etc just like a normal beq, bne, etc.
    152  10000 ????						;	  A message will be output if the target of the branch
    153  10000 ????						;	  is not on the same page.
    154  10000 ????						;
    155  10000 ????				       mac	sbcc
    156  10000 ????				       bcc	{1}
    157  10000 ????				       if	(* ^ {1}) & $FF00
    158  10000 ????				       echo	"PAGE CROSSING","WARNING ",{1}," at ",*
    159  10000 ????				       err
    160  10000 ????				       endif
    161  10000 ????				       endm
    162  10000 ????
    163  10000 ????				       mac	sbcs
    164  10000 ????				       bcs	{1}
    165  10000 ????				       if	(* ^ {1}) & $FF00
    166  10000 ????				       echo	"PAGE CROSSING","WARNING ",{1}," at ",*
    167  10000 ????				       err
    168  10000 ????				       endif
    169  10000 ????				       endm
    170  10000 ????
    171  10000 ????				       mac	sbeq
    172  10000 ????				       beq	{1}
    173  10000 ????				       if	(* ^ {1}) & $FF00
    174  10000 ????				       echo	"PAGE CROSSING","WARNING ",{1}," at ",*
    175  10000 ????				       err
    176  10000 ????				       endif
    177  10000 ????				       endm
    178  10000 ????
    179  10000 ????				       mac	sbmi
    180  10000 ????				       bmi	{1}
    181  10000 ????				       if	(* ^ {1}) & $FF00
    182  10000 ????				       echo	"PAGE CROSSING","WARNING ",{1}," at ",*
    183  10000 ????				       err
    184  10000 ????				       endif
    185  10000 ????				       endm
    186  10000 ????
    187  10000 ????				       mac	sbne
    188  10000 ????				       bne	{1}
    189  10000 ????				       if	(* ^ {1}) & $FF00
    190  10000 ????				       echo	"PAGE CROSSING","WARNING ",{1}," at ",*
    191  10000 ????				       err
    192  10000 ????				       endif
    193  10000 ????				       endm
    194  10000 ????
    195  10000 ????				       mac	sbpl
    196  10000 ????				       bpl	{1}
    197  10000 ????				       if	(* ^ {1}) & $FF00
    198  10000 ????				       echo	"PAGE CROSSING","WARNING ",{1}," at ",*
    199  10000 ????				       err
    200  10000 ????				       endif
    201  10000 ????				       endm
    202  10000 ????
    203  10000 ????				       mac	sbvc
    204  10000 ????				       bvc	{1}
    205  10000 ????				       if	(* ^ {1}) & $FF00
    206  10000 ????				       echo	"PAGE CROSSING","WARNING ",{1}," at ",*
    207  10000 ????				       err
    208  10000 ????				       endif
    209  10000 ????				       endm
    210  10000 ????
    211  10000 ????				       mac	sbvs
    212  10000 ????				       bvs	{1}
    213  10000 ????				       if	(* ^ {1}) & $FF00
    214  10000 ????				       echo	"PAGE CROSSING","WARNING ",{1}," at ",*
    215  10000 ????				       err
    216  10000 ????				       endif
    217  10000 ????				       endm
    218  10000 ????
    219  10000 ????						;-------------------------------------------------------
    220  10000 ????						; DIFFERENT PAGE BRANCH CHECK
    221  10000 ????						; Original auther: Darrell Spice, Jr.
    222  10000 ????						;
    223  10000 ????						; Usage: dbeq, dbne, etc just like a normal beq, bne, etc.
    224  10000 ????						;	  A message will be output if the target of the branch
    225  10000 ????						;	  is not on a different page.
    226  10000 ????						;
    227  10000 ????				       mac	dbcc
    228  10000 ????				       bcc	{1}
    229  10000 ????				       if	((* ^ {1}) & $FF00) = 0
    230  10000 ????				       echo	"SAME PAGE","WARNING ",{1}," at ",*
    231  10000 ????				       err
    232  10000 ????				       endif
    233  10000 ????				       endm
    234  10000 ????
    235  10000 ????				       mac	dbcs
    236  10000 ????				       bcs	{1}
    237  10000 ????				       if	((* ^ {1}) & $FF00) = 0
    238  10000 ????				       echo	"SAME PAGE","WARNING ",{1}," at ",*
    239  10000 ????				       err
    240  10000 ????				       endif
    241  10000 ????				       endm
    242  10000 ????
    243  10000 ????				       mac	dbeq
    244  10000 ????				       beq	{1}
    245  10000 ????				       if	((* ^ {1}) & $FF00) = 0
    246  10000 ????				       echo	"SAME PAGE","WARNING ",{1}," at ",*
    247  10000 ????				       err
    248  10000 ????				       endif
    249  10000 ????				       endm
    250  10000 ????
    251  10000 ????				       mac	dbmi
    252  10000 ????				       bmi	{1}
    253  10000 ????				       if	((* ^ {1}) & $FF00) = 0
    254  10000 ????				       echo	"SAME PAGE","WARNING ",{1}," at ",*
    255  10000 ????				       err
    256  10000 ????				       endif
    257  10000 ????				       endm
    258  10000 ????
    259  10000 ????				       mac	dbne
    260  10000 ????				       bne	{1}
    261  10000 ????				       if	((* ^ {1}) & $FF00) = 0
    262  10000 ????				       echo	"SAME PAGE","WARNING ",{1}," at ",*
    263  10000 ????				       err
    264  10000 ????				       endif
    265  10000 ????				       endm
    266  10000 ????
    267  10000 ????				       mac	dbpl
    268  10000 ????				       bpl	{1}
    269  10000 ????				       if	((* ^ {1}) & $FF00) = 0
    270  10000 ????				       echo	"SAME PAGE","WARNING ",{1}," at ",*
    271  10000 ????				       err
    272  10000 ????				       endif
    273  10000 ????				       endm
    274  10000 ????
    275  10000 ????				       mac	dbvc
    276  10000 ????				       bvc	{1}
    277  10000 ????				       if	((* ^ {1}) & $FF00) = 0
    278  10000 ????				       echo	"SAME PAGE","WARNING ",{1}," at ",*
    279  10000 ????				       err
    280  10000 ????				       endif
    281  10000 ????				       endm
    282  10000 ????
    283  10000 ????				       mac	dbvs
    284  10000 ????				       bvs	{1}
    285  10000 ????				       if	((* ^ {1}) & $FF00) = 0
    286  10000 ????				       echo	"SAME PAGE","WARNING ",{1}," at ",*
    287  10000 ????				       err
    288  10000 ????				       endif
    289  10000 ????				       endm
    290  10000 ????
    291  10000 ????						; EOF
------- FILE bomber.asm
------- FILE vcs.h LEVEL 2 PASS 2
      0  10000 ????				       include	"vcs.h"
      1  10000 ????						; VCS.H
      2  10000 ????						; Version 1.05, 13/November/2003
      3  10000 ????
      4  10000 ????		00 69	    VERSION_VCS =	105
      5  10000 ????
      6  10000 ????						; THIS IS A PRELIMINARY RELEASE OF *THE* "STANDARD" VCS.H
      7  10000 ????						; THIS FILE IS EXPLICITLY SUPPORTED AS A DASM-PREFERRED COMPANION FILE
      8  10000 ????						; PLEASE DO *NOT* REDISTRIBUTE THIS FILE!
      9  10000 ????						;
     10  10000 ????						; This file defines hardware registers and memory mapping for the
     11  10000 ????						; Atari 2600. It is distributed as a companion machine-specific support package
     12  10000 ????						; for the DASM compiler. Updates to this file, DASM, and associated tools are
     13  10000 ????						; available at at http://www.atari2600.org/dasm
     14  10000 ????						;
     15  10000 ????						; Many thanks to the original author(s) of this file, and to everyone who has
     16  10000 ????						; contributed to understanding the Atari 2600.  If you take issue with the
     17  10000 ????						; contents, or naming of registers, please write to me (atari2600@taswegian.com)
     18  10000 ????						; with your views.  Please contribute, if you think you can improve this
     19  10000 ????						; file!
     20  10000 ????						;
     21  10000 ????						; Latest Revisions...
     22  10000 ????						; 1.05  13/NOV/2003	  - Correction to 1.04 - now functions as requested by MR.
     23  10000 ????						;			  - Added VERSION_VCS equate (which will reflect 100x version #)
     24  10000 ????						;			    This will allow conditional code to verify VCS.H being
     25  10000 ????						;			    used for code assembly.
     26  10000 ????						; 1.04  12/NOV/2003	 Added TIA_BASE_WRITE_ADDRESS and TIA_BASE_READ_ADDRESS for
     27  10000 ????						;			 convenient disassembly/reassembly compatibility for hardware
     28  10000 ????						;			 mirrored reading/writing differences.	This is more a
     29  10000 ????						;			 readability issue, and binary compatibility with disassembled
     30  10000 ????						;			 and reassembled sources.  Per Manuel Rotschkar's suggestion.
     31  10000 ????						; 1.03  12/MAY/2003	 Added SEG segment at end of file to fix old-code compatibility
     32  10000 ????						;			 which was broken by the use of segments in this file, as
     33  10000 ????						;			 reported by Manuel Polik on [stella] 11/MAY/2003
     34  10000 ????						; 1.02  22/MAR/2003	 Added TIMINT($285)
     35  10000 ????						; 1.01				Constant offset added to allow use for 3F-style bankswitching
     36  10000 ????						;						 - define TIA_BASE_ADDRESS as $40 for Tigervision carts, otherwise
     37  10000 ????						;						   it is safe to leave it undefined, and the base address will
     38  10000 ????						;						   be set to 0.  Thanks to Eckhard Stolberg for the suggestion.
     39  10000 ????						;			    Note, may use -DLABEL=EXPRESSION to define TIA_BASE_ADDRESS
     40  10000 ????						;			  - register definitions are now generated through assignment
     41  10000 ????						;			    in uninitialised segments.	This allows a changeable base
     42  10000 ????						;			    address architecture.
     43  10000 ????						; 1.0	22/MAR/2003		Initial release
     44  10000 ????						;-------------------------------------------------------------------------------
     45  10000 ????						; TIA_BASE_ADDRESS
     46  10000 ????						; The TIA_BASE_ADDRESS defines the base address of access to TIA registers.
     47  10000 ????						; Normally 0, the base address should (externally, before including this file)
     48  10000 ????						; be set to $40 when creating 3F-bankswitched (and other?) cartridges.
     49  10000 ????						; The reason is that this bankswitching scheme treats any access to locations
     50  10000 ????						; < $40 as a bankswitch.
     51  10000 ????			   -	       IFNCONST	TIA_BASE_ADDRESS
     52  10000 ????			   -TIA_BASE_ADDRESS =	0
     53  10000 ????				       ENDIF
     54  10000 ????						; Note: The address may be defined on the command-line using the -D switch, eg:
     55  10000 ????						; dasm.exe code.asm -DTIA_BASE_ADDRESS=$40 -f3 -v5 -ocode.bin
     56  10000 ????						; *OR* by declaring the label before including this file, eg:
     57  10000 ????						; TIA_BASE_ADDRESS = $40
     58  10000 ????						;   include "vcs.h"
     59  10000 ????						; Alternate read/write address capability - allows for some disassembly compatibility
     60  10000 ????						; usage ; to allow reassembly to binary perfect copies).  This is essentially catering
     61  10000 ????						; for the mirrored ROM hardware registers.
     62  10000 ????						; Usage: As per above, define the TIA_BASE_READ_ADDRESS and/or TIA_BASE_WRITE_ADDRESS
     63  10000 ????						; using the -D command-line switch, as required.  If the addresses are not defined,
     64  10000 ????						; they defaut to the TIA_BASE_ADDRESS.
     65  10000 ????			   -	       IFNCONST	TIA_BASE_READ_ADDRESS
     66  10000 ????			   -TIA_BASE_READ_ADDRESS =	TIA_BASE_ADDRESS
     67  10000 ????				       ENDIF
     68  10000 ????			   -	       IFNCONST	TIA_BASE_WRITE_ADDRESS
     69  10000 ????			   -TIA_BASE_WRITE_ADDRESS =	TIA_BASE_ADDRESS
     70  10000 ????				       ENDIF
     71  10000 ????						;-------------------------------------------------------------------------------
     72 U002d ????				      SEG.U	TIA_REGISTERS_WRITE
     73 U0000					      ORG	TIA_BASE_WRITE_ADDRESS
     74 U0000							; DO NOT CHANGE THE RELATIVE ORDERING OF REGISTERS!
     75 U0000		       00	   VSYNC      ds	1	; $00	 0000 00x0   Vertical Sync Set-Clear
     76 U0001		       00	   VBLANK     ds	1	; $01	 xx00 00x0   Vertical Blank Set-Clear
     77 U0002		       00	   WSYNC      ds	1	; $02	 ---- ----   Wait for Horizontal Blank
     78 U0003		       00	   RSYNC      ds	1	; $03	 ---- ----   Reset Horizontal Sync Counter
     79 U0004		       00	   NUSIZ0     ds	1	; $04	 00xx 0xxx   Number-Size player/missle 0
     80 U0005		       00	   NUSIZ1     ds	1	; $05	 00xx 0xxx   Number-Size player/missle 1
     81 U0006		       00	   COLUP0     ds	1	; $06	 xxxx xxx0   Color-Luminance Player 0
     82 U0007		       00	   COLUP1     ds	1	; $07	 xxxx xxx0   Color-Luminance Player 1
     83 U0008		       00	   COLUPF     ds	1	; $08	 xxxx xxx0   Color-Luminance Playfield
     84 U0009		       00	   COLUBK     ds	1	; $09	 xxxx xxx0   Color-Luminance Background
     85 U000a		       00	   CTRLPF     ds	1	; $0A	 00xx 0xxx   Control Playfield, Ball, Collisions
     86 U000b		       00	   REFP0      ds	1	; $0B	 0000 x000   Reflection Player 0
     87 U000c		       00	   REFP1      ds	1	; $0C	 0000 x000   Reflection Player 1
     88 U000d		       00	   PF0	      ds	1	; $0D	 xxxx 0000   Playfield Register Byte 0
     89 U000e		       00	   PF1	      ds	1	; $0E	 xxxx xxxx   Playfield Register Byte 1
     90 U000f		       00	   PF2	      ds	1	; $0F	 xxxx xxxx   Playfield Register Byte 2
     91 U0010		       00	   RESP0      ds	1	; $10	 ---- ----   Reset Player 0
     92 U0011		       00	   RESP1      ds	1	; $11	 ---- ----   Reset Player 1
     93 U0012		       00	   RESM0      ds	1	; $12	 ---- ----   Reset Missle 0
     94 U0013		       00	   RESM1      ds	1	; $13	 ---- ----   Reset Missle 1
     95 U0014		       00	   RESBL      ds	1	; $14	 ---- ----   Reset Ball
     96 U0015		       00	   AUDC0      ds	1	; $15	 0000 xxxx   Audio Control 0
     97 U0016		       00	   AUDC1      ds	1	; $16	 0000 xxxx   Audio Control 1
     98 U0017		       00	   AUDF0      ds	1	; $17	 000x xxxx   Audio Frequency 0
     99 U0018		       00	   AUDF1      ds	1	; $18	 000x xxxx   Audio Frequency 1
    100 U0019		       00	   AUDV0      ds	1	; $19	 0000 xxxx   Audio Volume 0
    101 U001a		       00	   AUDV1      ds	1	; $1A	 0000 xxxx   Audio Volume 1
    102 U001b		       00	   GRP0       ds	1	; $1B	 xxxx xxxx   Graphics Register Player 0
    103 U001c		       00	   GRP1       ds	1	; $1C	 xxxx xxxx   Graphics Register Player 1
    104 U001d		       00	   ENAM0      ds	1	; $1D	 0000 00x0   Graphics Enable Missle 0
    105 U001e		       00	   ENAM1      ds	1	; $1E	 0000 00x0   Graphics Enable Missle 1
    106 U001f		       00	   ENABL      ds	1	; $1F	 0000 00x0   Graphics Enable Ball
    107 U0020		       00	   HMP0       ds	1	; $20	 xxxx 0000   Horizontal Motion Player 0
    108 U0021		       00	   HMP1       ds	1	; $21	 xxxx 0000   Horizontal Motion Player 1
    109 U0022		       00	   HMM0       ds	1	; $22	 xxxx 0000   Horizontal Motion Missle 0
    110 U0023		       00	   HMM1       ds	1	; $23	 xxxx 0000   Horizontal Motion Missle 1
    111 U0024		       00	   HMBL       ds	1	; $24	 xxxx 0000   Horizontal Motion Ball
    112 U0025		       00	   VDELP0     ds	1	; $25	 0000 000x   Vertical Delay Player 0
    113 U0026		       00	   VDELP1     ds	1	; $26	 0000 000x   Vertical Delay Player 1
    114 U0027		       00	   VDELBL     ds	1	; $27	 0000 000x   Vertical Delay Ball
    115 U0028		       00	   RESMP0     ds	1	; $28	 0000 00x0   Reset Missle 0 to Player 0
    116 U0029		       00	   RESMP1     ds	1	; $29	 0000 00x0   Reset Missle 1 to Player 1
    117 U002a		       00	   HMOVE      ds	1	; $2A	 ---- ----   Apply Horizontal Motion
    118 U002b		       00	   HMCLR      ds	1	; $2B	 ---- ----   Clear Horizontal Move Registers
    119 U002c		       00	   CXCLR      ds	1	; $2C	 ---- ----   Clear Collision Latches
    120 U002d							;-------------------------------------------------------------------------------
    121 U000e ????				      SEG.U	TIA_REGISTERS_READ
    122 U0000					      ORG	TIA_BASE_READ_ADDRESS
    123 U0000							;											bit 7	 bit 6
    124 U0000		       00	   CXM0P      ds	1	; $00	     xx00 0000	     Read Collision  M0-P1   M0-P0
    125 U0001		       00	   CXM1P      ds	1	; $01	     xx00 0000			     M1-P0   M1-P1
    126 U0002		       00	   CXP0FB     ds	1	; $02	     xx00 0000			     P0-PF   P0-BL
    127 U0003		       00	   CXP1FB     ds	1	; $03	     xx00 0000			     P1-PF   P1-BL
    128 U0004		       00	   CXM0FB     ds	1	; $04	     xx00 0000			     M0-PF   M0-BL
    129 U0005		       00	   CXM1FB     ds	1	; $05	     xx00 0000			     M1-PF   M1-BL
    130 U0006		       00	   CXBLPF     ds	1	; $06	     x000 0000			     BL-PF   -----
    131 U0007		       00	   CXPPMM     ds	1	; $07	     xx00 0000			     P0-P1   M0-M1
    132 U0008		       00	   INPT0      ds	1	; $08	     x000 0000	     Read Pot Port 0
    133 U0009		       00	   INPT1      ds	1	; $09	     x000 0000	     Read Pot Port 1
    134 U000a		       00	   INPT2      ds	1	; $0A	     x000 0000	     Read Pot Port 2
    135 U000b		       00	   INPT3      ds	1	; $0B	     x000 0000	     Read Pot Port 3
    136 U000c		       00	   INPT4      ds	1	; $0C		x000 0000	 Read Input (Trigger) 0
    137 U000d		       00	   INPT5      ds	1	; $0D		x000 0000	 Read Input (Trigger) 1
    138 U000e							;-------------------------------------------------------------------------------
    139 U0298 ????				      SEG.U	RIOT
    140 U0280					      ORG	$280
    141 U0280							; RIOT MEMORY MAP
    142 U0280		       00	   SWCHA      ds	1	; $280      Port A data register for joysticks:
    143 U0281							;			Bits 4-7 for player 1.  Bits 0-3 for player 2.
    144 U0281		       00	   SWACNT     ds	1	; $281      Port A data direction register (DDR)
    145 U0282		       00	   SWCHB      ds	1	; $282		Port B data (console switches)
    146 U0283		       00	   SWBCNT     ds	1	; $283      Port B DDR
    147 U0284		       00	   INTIM      ds	1	; $284		Timer output
    148 U0285		       00	   TIMINT     ds	1	; $285
    149 U0286							; Unused/undefined registers ($285-$294)
    150 U0286		       00		      ds	1	; $286
    151 U0287		       00		      ds	1	; $287
    152 U0288		       00		      ds	1	; $288
    153 U0289		       00		      ds	1	; $289
    154 U028a		       00		      ds	1	; $28A
    155 U028b		       00		      ds	1	; $28B
    156 U028c		       00		      ds	1	; $28C
    157 U028d		       00		      ds	1	; $28D
    158 U028e		       00		      ds	1	; $28E
    159 U028f		       00		      ds	1	; $28F
    160 U0290		       00		      ds	1	; $290
    161 U0291		       00		      ds	1	; $291
    162 U0292		       00		      ds	1	; $292
    163 U0293		       00		      ds	1	; $293
    164 U0294		       00	   TIM1T      ds	1	; $294		set 1 clock interval
    165 U0295		       00	   TIM8T      ds	1	; $295      set 8 clock interval
    166 U0296		       00	   TIM64T     ds	1	; $296      set 64 clock interval
    167 U0297		       00	   T1024T     ds	1	; $297      set 1024 clock interval
    168 U0298							;-------------------------------------------------------------------------------
    169 U0298							; The following required for back-compatibility with code which does not use
    170 U0298							; segments.
    171  0000 ????				      SEG
    172  0000 ????						; EOF
------- FILE bomber.asm
      5  0000 ????
      6 U0099 ????				      seg.u	Variables
      7 U0080					      org	$80
      8 U0080
      9 U0080		       00	   JetXPos    byte.b
     10 U0081		       00	   JetYPos    byte.b
     11 U0082		       00	   BomberXPos byte.b
     12 U0083		       00	   BomberYPos byte.b
     13 U0084		       00	   Score      byte.b
     14 U0085		       00	   Timer      byte.b
     15 U0086		       00	   Temp       byte.b
     16 U0087		       00 00	   OnesDigitOffset word.w
     17 U0089		       00 00	   TensDigitOffset word.w
     18 U008b		       00 00	   BallDudePtr word.w
     19 U008d		       00 00	   AdrienPtr  word.w
     20 U008f		       00 00	   BallDudeColPtr word.w
     21 U0091		       00 00	   AdrienColPtr word.w
     22 U0093		       00	   JetAnimOffset byte.b
     23 U0094		       00	   Random     byte.b
     24 U0095		       00	   ScoreSprite byte.b
     25 U0096		       00	   TimerSprite byte.b
     26 U0097		       00	   TerrainColour byte.b
     27 U0098		       00	   RiverColour byte.b
     28 U0099
     29 U0099							; Define constants
     30 U0099		       00 09	   SPRITE_HEIGHT =	9
     31 U0099		       00 05	   DIGIT_HEIGHT =	5
     32 U0099		       00 08	   SCOREBOARD_HEIGHT =	8
     33 U0099
     34  10000 ????				       seg	Code
     35  f000					      org	$F000
     36  f000
     37  f000				   Reset
      0  f000					      CLEAN_START
      1  f000		       78		      sei
      2  f001		       d8		      cld
      3  f002
      4  f002		       a2 00		      ldx	#0
      5  f004		       8a		      txa
      6  f005		       a8		      tay
      7  f006		       ca	   .CLEAR_STACK dex
      8  f007		       9a		      txs
      9  f008		       48		      pha
     10  f009		       d0 fb		      bne	.CLEAR_STACK
     11  f00b
     39  f00b
     40  f00b							; Initialise RAM variables and TIA registers
     41  f00b							; Set initial player coordinates
     42  f00b		       a9 0a		      lda	#10
     43  f00d		       85 81		      sta	JetYPos
     44  f00f		       a9 50		      lda	#80
     45  f011		       85 80		      sta	JetXPos
     46  f013
     47  f013							; Set initial bomber coordinates
     48  f013							; Basically just some random coordinates as placeholder lol
     49  f013		       a9 53		      lda	#83
     50  f015		       85 83		      sta	BomberYPos
     51  f017		       a9 50		      lda	#80
     52  f019		       85 82		      sta	BomberXPos
     53  f01b		       a9 d4		      lda	#%11010100
     54  f01d		       85 94		      sta	Random
     55  f01f		       a9 00		      lda	#0
     56  f021		       85 84		      sta	Score
     57  f023		       85 85		      sta	Timer
     58  f025
     59  f025							; Initialise sprite and palette pointers
     60  f025		       a9 f6		      lda	#<BallDude
     61  f027		       85 8b		      sta	BallDudePtr
     62  f029		       a9 f2		      lda	#>BallDude
     63  f02b		       85 8c		      sta	BallDudePtr+1
     64  f02d
     65  f02d		       a9 08		      lda	#<Adrien
     66  f02f		       85 8d		      sta	AdrienPtr
     67  f031		       a9 f3		      lda	#>Adrien
     68  f033		       85 8e		      sta	AdrienPtr+1
     69  f035
     70  f035		       a9 11		      lda	#<BallDudeCol
     71  f037		       85 8f		      sta	BallDudeColPtr
     72  f039		       a9 f3		      lda	#>BallDudeCol
     73  f03b		       85 90		      sta	BallDudeColPtr+1
     74  f03d
     75  f03d		       a9 23		      lda	#<AdrienCol
     76  f03f		       85 91		      sta	AdrienColPtr
     77  f041		       a9 f3		      lda	#>AdrienCol
     78  f043		       85 92		      sta	AdrienColPtr+1
     79  f045
     80  f045							; Begin rendering
     81  f045				   StartFrame
     82  f045							;;;;;;;;;;;;;;;;;;;;;;;;;;;;;;;;;;;;;;;;;;;;;;;;;;;;;;;;;;;;;;;;;;;;;;;;;;;;;;;;
     83  f045							; Pre-vblank calculations
     84  f045							;;;;;;;;;;;;;;;;;;;;;;;;;;;;;;;;;;;;;;;;;;;;;;;;;;;;;;;;;;;;;;;;;;;;;;;;;;;;;;;;
     85  f045							; Turn on vblank and vsync
     86  f045		       a2 02		      ldx	#2
     87  f047		       86 01		      stx	VBLANK
     88  f049		       86 00		      stx	VSYNC
     89  f04b					      REPEAT	3
     90  f04b		       86 02		      stx	WSYNC
     89  f04b					      REPEND
     90  f04d		       86 02		      stx	WSYNC
     89  f04d					      REPEND
     90  f04f		       86 02		      stx	WSYNC
     91  f051					      REPEND
     92  f051							; Turn off vsync
     93  f051		       a2 00		      ldx	#0
     94  f053		       86 00		      stx	VSYNC
     95  f055
     96  f055							; Render VBLANK
     97  f055					      REPEAT	33
     98  f055		       86 02		      stx	WSYNC
     97  f055					      REPEND
     98  f057		       86 02		      stx	WSYNC
     97  f057					      REPEND
     98  f059		       86 02		      stx	WSYNC
     97  f059					      REPEND
     98  f05b		       86 02		      stx	WSYNC
     97  f05b					      REPEND
     98  f05d		       86 02		      stx	WSYNC
     97  f05d					      REPEND
     98  f05f		       86 02		      stx	WSYNC
     97  f05f					      REPEND
     98  f061		       86 02		      stx	WSYNC
     97  f061					      REPEND
     98  f063		       86 02		      stx	WSYNC
     97  f063					      REPEND
     98  f065		       86 02		      stx	WSYNC
     97  f065					      REPEND
     98  f067		       86 02		      stx	WSYNC
     97  f067					      REPEND
     98  f069		       86 02		      stx	WSYNC
     97  f069					      REPEND
     98  f06b		       86 02		      stx	WSYNC
     97  f06b					      REPEND
     98  f06d		       86 02		      stx	WSYNC
     97  f06d					      REPEND
     98  f06f		       86 02		      stx	WSYNC
     97  f06f					      REPEND
     98  f071		       86 02		      stx	WSYNC
     97  f071					      REPEND
     98  f073		       86 02		      stx	WSYNC
     97  f073					      REPEND
     98  f075		       86 02		      stx	WSYNC
     97  f075					      REPEND
     98  f077		       86 02		      stx	WSYNC
     97  f077					      REPEND
     98  f079		       86 02		      stx	WSYNC
     97  f079					      REPEND
     98  f07b		       86 02		      stx	WSYNC
     97  f07b					      REPEND
     98  f07d		       86 02		      stx	WSYNC
     97  f07d					      REPEND
     98  f07f		       86 02		      stx	WSYNC
     97  f07f					      REPEND
     98  f081		       86 02		      stx	WSYNC
     97  f081					      REPEND
     98  f083		       86 02		      stx	WSYNC
     97  f083					      REPEND
     98  f085		       86 02		      stx	WSYNC
     97  f085					      REPEND
     98  f087		       86 02		      stx	WSYNC
     97  f087					      REPEND
     98  f089		       86 02		      stx	WSYNC
     97  f089					      REPEND
     98  f08b		       86 02		      stx	WSYNC
     97  f08b					      REPEND
     98  f08d		       86 02		      stx	WSYNC
     97  f08d					      REPEND
     98  f08f		       86 02		      stx	WSYNC
     97  f08f					      REPEND
     98  f091		       86 02		      stx	WSYNC
     97  f091					      REPEND
     98  f093		       86 02		      stx	WSYNC
     97  f093					      REPEND
     98  f095		       86 02		      stx	WSYNC
     99  f097					      REPEND
    100  f097
    101  f097		       a5 80		      lda	JetXPos
    102  f099		       a0 00		      ldy	#0	; Corresponds to P0
    103  f09b		       20 3b f2 	      jsr	SetObjXPos
    104  f09e
    105  f09e		       a5 82		      lda	BomberXPos
    106  f0a0		       a0 01		      ldy	#1	; Corresponds to p1
    107  f0a2		       20 3b f2 	      jsr	SetObjXPos
    108  f0a5
    109  f0a5		       20 83 f2 	      jsr	CalculateDigitOffset	; Calculate scoreboard digit lookup table offset
    110  f0a8
    111  f0a8							; Poke registers
    112  f0a8		       85 02		      sta	WSYNC
    113  f0aa		       85 2a		      sta	HMOVE
    114  f0ac
    115  f0ac		       a2 00		      ldx	#0
    116  f0ae							; Turn off VBLANK
    117  f0ae		       86 01		      stx	VBLANK
    118  f0b0
    119  f0b0							; Render scoreboard
    120  f0b0							; Clear playfield registers so nothing is drawn
    121  f0b0		       a9 00		      lda	#0
    122  f0b2		       85 0d		      sta	PF0
    123  f0b4		       85 0e		      sta	PF1
    124  f0b6		       85 0f		      sta	PF2
    125  f0b8		       85 1b		      sta	GRP0
    126  f0ba		       85 1c		      sta	GRP1
    127  f0bc		       85 0a		      sta	CTRLPF
    128  f0be		       85 09		      sta	COLUBK
    129  f0c0
    130  f0c0							; Set playfield colour
    131  f0c0		       a9 1e		      lda	#$1E
    132  f0c2		       85 08		      sta	COLUPF
    133  f0c4
    134  f0c4							; Draw the scoreboard
    135  f0c4		       a2 05		      ldx	#DIGIT_HEIGHT
    136  f0c6				   .ScoreDigitLoop
    137  f0c6		       a4 89		      ldy	TensDigitOffset
    138  f0c8		       b9 a6 f2 	      lda	Digits,Y
    139  f0cb		       29 f0		      and	#$F0	; Mask the graphics for the ones digits
    140  f0cd		       85 95		      sta	ScoreSprite
    141  f0cf
    142  f0cf		       a4 87		      ldy	OnesDigitOffset
    143  f0d1		       b9 a6 f2 	      lda	Digits,Y
    144  f0d4		       29 0f		      and	#$0F	; Mask the graphics for the tens digits
    145  f0d6		       05 95		      ora	ScoreSprite
    146  f0d8		       85 95		      sta	ScoreSprite
    147  f0da
    148  f0da		       85 02		      sta	WSYNC	; poke
    149  f0dc		       85 0e		      sta	PF1	; Display score sprite
    150  f0de
    151  f0de		       a4 8a		      ldy	TensDigitOffset+1	; Tens digit for the timer
    152  f0e0		       b9 a6 f2 	      lda	Digits,Y
    153  f0e3		       29 f0		      and	#$F0
    154  f0e5		       85 96		      sta	TimerSprite
    155  f0e7
    156  f0e7		       a4 88		      ldy	OnesDigitOffset+1
    157  f0e9		       b9 a6 f2 	      lda	Digits,Y
    158  f0ec		       29 0f		      and	#$0F
    159  f0ee		       05 96		      ora	TimerSprite
    160  f0f0		       85 96		      sta	TimerSprite
    161  f0f2
    162  f0f2							; Waste clock cycles
    163  f0f2		       20 a5 f2 	      jsr	Sleep12Cycles
    164  f0f5
    165  f0f5		       85 0e		      sta	PF1
    166  f0f7
    167  f0f7							; 2-kernel display so strobe
    168  f0f7		       a4 95		      ldy	ScoreSprite
    169  f0f9		       85 02		      sta	WSYNC
    170  f0fb
    171  f0fb		       84 0e		      sty	PF1
    172  f0fd		       e6 89		      inc	TensDigitOffset
    173  f0ff		       e6 8a		      inc	TensDigitOffset+1
    174  f101		       e6 87		      inc	OnesDigitOffset
    175  f103		       e6 88		      inc	OnesDigitOffset+1
    176  f105
    177  f105		       20 a5 f2 	      jsr	Sleep12Cycles
    178  f108
    179  f108		       ca		      dex
    180  f109		       85 0e		      sta	PF1
    181  f10b		       d0 b9		      bne	.ScoreDigitLoop
    182  f10d
    183  f10d		       85 02		      sta	WSYNC
    184  f10f
    185  f10f							; Add padding under the scoreboard
    186  f10f		       a9 00		      lda	#0
    187  f111		       85 0d		      sta	PF0
    188  f113		       85 0e		      sta	PF1
    189  f115		       85 0f		      sta	PF2
    190  f117		       85 02		      sta	WSYNC
    191  f119		       85 02		      sta	WSYNC
    192  f11b		       85 02		      sta	WSYNC
    193  f11d
    194  f11d							; Render the visible scanlines
    195  f11d				   VisibleScanlines
    196  f11d							; Set background colour
    197  f11d		       a5 98		      lda	RiverColour
    198  f11f		       85 09		      sta	COLUBK
    199  f121							; Set playfield colour
    200  f121		       a5 97		      lda	TerrainColour
    201  f123		       85 08		      sta	COLUPF
    202  f125
    203  f125							; Setup playfield
    204  f125		       a9 f0		      lda	#%11110000	; PF0 uses first 4 bits and is reversed
    205  f127		       85 0d		      sta	PF0
    206  f129		       a9 c0		      lda	#%11000000
    207  f12b		       85 0e		      sta	PF1
    208  f12d		       a9 00		      lda	#0
    209  f12f		       85 0f		      sta	PF2
    210  f131
    211  f131							; Playfield reflection
    212  f131		       a9 01		      lda	#%00000001
    213  f133		       85 0a		      sta	CTRLPF
    214  f135
    215  f135							; 81 to account for the size of the scoreboard
    216  f135		       a2 55		      ldx	#85
    217  f137
    218  f137							; Render the 96 visible scanline
    219  f137							; Using a 2 line kernel
    220  f137				   .GameLineLoop
    221  f137				   .InsideBallDude
    222  f137		       8a		      txa
    223  f138		       38		      sec
    224  f139		       e5 81		      sbc	JetYPos
    225  f13b		       c5 09		      cmp	SPRITE_HEIGHT
    226  f13d		       90 02		      bcc	.DrawSpriteP0
    227  f13f		       a9 00		      lda	#0
    228  f141
    229  f141				   .DrawSpriteP0
    230  f141		       18		      clc
    231  f142		       65 93		      adc	JetAnimOffset
    232  f144		       a8		      tay
    233  f145		       b1 8b		      lda	(BallDudePtr),Y	; Y register is only register that can work with pointers
    234  f147		       85 02		      sta	WSYNC	; Wait for scanline
    235  f149		       85 1b		      sta	GRP0	; Set graphics for P0
    236  f14b		       b1 8f		      lda	(BallDudeColPtr),Y
    237  f14d		       85 06		      sta	COLUP0
    238  f14f
    239  f14f				   .InsideAdrien
    240  f14f		       8a		      txa
    241  f150		       38		      sec
    242  f151		       e5 83		      sbc	BomberYPos
    243  f153		       c5 09		      cmp	SPRITE_HEIGHT
    244  f155		       90 02		      bcc	.DrawSpriteP1
    245  f157		       a9 00		      lda	#0
    246  f159
    247  f159				   .DrawSpriteP1
    248  f159		       a8		      tay
    249  f15a
    250  f15a							; Set Adrien to be thicc because it'll be funny idk
    251  f15a		       a9 07		      lda	#%00000111
    252  f15c		       85 05		      sta	NUSIZ1
    253  f15e		       98		      tya
    254  f15f
    255  f15f		       b1 8d		      lda	(AdrienPtr),Y	; Y register is only register that can work with pointers
    256  f161		       85 02		      sta	WSYNC	; Wait for scanline
    257  f163		       85 1c		      sta	GRP1	; Set graphics for P0
    258  f165		       b1 91		      lda	(AdrienColPtr),Y
    259  f167		       85 07		      sta	COLUP1
    260  f169
    261  f169		       ca		      dex
    262  f16a		       d0 cb		      bne	.GameLineLoop
    263  f16c
    264  f16c		       85 02		      sta	WSYNC
    265  f16e
    266  f16e							; Display vblank
    267  f16e				   Overscan
    268  f16e		       a9 02		      lda	#2
    269  f170		       85 01		      sta	VBLANK
    270  f172					      REPEAT	30
    271  f172		       85 02		      sta	WSYNC
    270  f172					      REPEND
    271  f174		       85 02		      sta	WSYNC
    270  f174					      REPEND
    271  f176		       85 02		      sta	WSYNC
    270  f176					      REPEND
    271  f178		       85 02		      sta	WSYNC
    270  f178					      REPEND
    271  f17a		       85 02		      sta	WSYNC
    270  f17a					      REPEND
    271  f17c		       85 02		      sta	WSYNC
    270  f17c					      REPEND
    271  f17e		       85 02		      sta	WSYNC
    270  f17e					      REPEND
    271  f180		       85 02		      sta	WSYNC
    270  f180					      REPEND
    271  f182		       85 02		      sta	WSYNC
    270  f182					      REPEND
    271  f184		       85 02		      sta	WSYNC
    270  f184					      REPEND
    271  f186		       85 02		      sta	WSYNC
    270  f186					      REPEND
    271  f188		       85 02		      sta	WSYNC
    270  f188					      REPEND
    271  f18a		       85 02		      sta	WSYNC
    270  f18a					      REPEND
    271  f18c		       85 02		      sta	WSYNC
    270  f18c					      REPEND
    271  f18e		       85 02		      sta	WSYNC
    270  f18e					      REPEND
    271  f190		       85 02		      sta	WSYNC
    270  f190					      REPEND
    271  f192		       85 02		      sta	WSYNC
    270  f192					      REPEND
    271  f194		       85 02		      sta	WSYNC
    270  f194					      REPEND
    271  f196		       85 02		      sta	WSYNC
    270  f196					      REPEND
    271  f198		       85 02		      sta	WSYNC
    270  f198					      REPEND
    271  f19a		       85 02		      sta	WSYNC
    270  f19a					      REPEND
    271  f19c		       85 02		      sta	WSYNC
    270  f19c					      REPEND
    271  f19e		       85 02		      sta	WSYNC
    270  f19e					      REPEND
    271  f1a0		       85 02		      sta	WSYNC
    270  f1a0					      REPEND
    271  f1a2		       85 02		      sta	WSYNC
    270  f1a2					      REPEND
    271  f1a4		       85 02		      sta	WSYNC
    270  f1a4					      REPEND
    271  f1a6		       85 02		      sta	WSYNC
    270  f1a6					      REPEND
    271  f1a8		       85 02		      sta	WSYNC
    270  f1a8					      REPEND
    271  f1aa		       85 02		      sta	WSYNC
    270  f1aa					      REPEND
    271  f1ac		       85 02		      sta	WSYNC
    272  f1ae					      REPEND
    273  f1ae
    274  f1ae		       a9 00		      lda	#0
    275  f1b0		       85 01		      sta	VBLANK
    276  f1b2
    277  f1b2							;;;;;;;;;;;;;;;;;;;;;;;;;;;;;;;;;;;;;;;;;;;;;;;;;;;;;;;;;;;;;;;;;;;;;;;;;;;;;;;;
    278  f1b2							; Joystick input
    279  f1b2							;;;;;;;;;;;;;;;;;;;;;;;;;;;;;;;;;;;;;;;;;;;;;;;;;;;;;;;;;;;;;;;;;;;;;;;;;;;;;;;;
    280  f1b2		       a6 80		      ldx	JetXPos
    281  f1b4				   CheckP0Up
    282  f1b4		       a9 10		      lda	#%00010000
    283  f1b6		       2c 80 02 	      bit	SWCHA
    284  f1b9		       d0 02		      bne	CheckP0Down
    285  f1bb		       e6 81		      inc	JetYPos
    286  f1bd				   CheckP0Down
    287  f1bd		       a9 20		      lda	#%00100000
    288  f1bf		       2c 80 02 	      bit	SWCHA
    289  f1c2		       d0 02		      bne	ClampYHigh
    290  f1c4		       c6 81		      dec	JetYPos
    291  f1c6				   ClampYHigh
    292  f1c6							; Here we will limit jet's y-range
    293  f1c6							; Max y is 96, min y is 0
    294  f1c6		       18		      clc
    295  f1c7		       a5 81		      lda	JetYPos
    296  f1c9		       c9 4c		      cmp	#76
    297  f1cb		       90 04		      bcc	ClampYLow
    298  f1cd		       a9 4c		      lda	#76
    299  f1cf		       85 81		      sta	JetYPos
    300  f1d1				   ClampYLow
    301  f1d1		       18		      clc
    302  f1d2		       a9 01		      lda	#1
    303  f1d4		       c5 81		      cmp	JetYPos
    304  f1d6		       90 02		      bcc	CheckP0Left
    305  f1d8		       85 81		      sta	JetYPos
    306  f1da				   CheckP0Left
    307  f1da							; Store the X position so we can restore it if we collide with the playfield
    308  f1da		       a4 80		      ldy	JetXPos
    309  f1dc		       a9 40		      lda	#%01000000
    310  f1de		       2c 80 02 	      bit	SWCHA
    311  f1e1		       d0 02		      bne	CheckP0Right
    312  f1e3		       c6 80		      dec	JetXPos
    313  f1e5				   CheckP0Right
    314  f1e5		       a9 80		      lda	#%10000000
    315  f1e7		       2c 80 02 	      bit	SWCHA
    316  f1ea		       d0 02		      bne	ClampXPos
    317  f1ec		       e6 80		      inc	JetXPos
    318  f1ee				   ClampXPos
    319  f1ee							; Check if we've collided with the playfield and if we have restore our X position to that saved in the y register
    320  f1ee		       a9 80		      lda	#%10000000
    321  f1f0		       24 02		      bit	CXP0FB
    322  f1f2		       f0 0f		      beq	NoInput	;Zero flag is set if a&bit is zero (lol)
    323  f1f4							; This will restore the jet x position from the y register if we have hit the playfield
    324  f1f4		       98		      tya
    325  f1f5							; Collisions are precise so we need to account for different collision masks
    326  f1f5							; The moving sprite and static sprite are 1 pixel different
    327  f1f5		       18		      clc
    328  f1f6		       c9 50		      cmp	#80
    329  f1f8		       b0 05		      bcs	ShiftRight
    330  f1fa		       69 01		      adc	#1
    331  f1fc		       4c 01 f2 	      jmp	UpdateJetPos
    332  f1ff				   ShiftRight
    333  f1ff		       e9 01		      sbc	#1
    334  f201				   UpdateJetPos
    335  f201		       85 80		      sta	JetXPos
    336  f203				   NoInput
    337  f203		       a9 00		      lda	#0
    338  f205		       85 93		      sta	JetAnimOffset
    339  f207		       e4 80		      cpx	JetXPos
    340  f209		       f0 04		      beq	NoChange
    341  f20b							; Set the sprite pointer to BallDude Turning
    342  f20b		       a5 09		      lda	SPRITE_HEIGHT
    343  f20d		       85 93		      sta	JetAnimOffset
    344  f20f				   NoChange
    345  f20f
    346  f20f				   UpdateBomberPosition
    347  f20f		       18		      clc
    348  f210		       a5 83		      lda	BomberYPos
    349  f212		       c9 00		      cmp	#0
    350  f214		       30 05		      bmi	.ResetBomberPosition
    351  f216
    352  f216		       c6 83		      dec	BomberYPos
    353  f218		       4c 1e f2 	      jmp	EndPositionUpdate
    354  f21b
    355  f21b				   .ResetBomberPosition
    356  f21b		       20 5c f2 	      jsr	SpawnBomber
    357  f21e
    358  f21e				   EndPositionUpdate
    359  f21e							; Collision checks
    360  f21e				   CheckCollisionP0P1
    361  f21e		       a9 80		      lda	#%10000000
    362  f220		       24 07		      bit	CXPPMM
    363  f222		       d0 06		      bne	.CollisionP0P1	; Zero flag is set if a&bit is zero (lol)
    364  f224		       20 32 f2 	      jsr	SetTerrainRiverColour
    365  f227		       4c 2d f2 	      jmp	EndCollisionCheck
    366  f22a				   .CollisionP0P1
    367  f22a		       20 4f f2 	      jsr	GameOver
    368  f22d
    369  f22d				   EndCollisionCheck
    370  f22d		       85 2c		      sta	CXCLR	; Poke clear collision check register
    371  f22f							; Loop forever
    372  f22f		       4c 45 f0 	      jmp	StartFrame
    373  f232
    374  f232							;;;;;;;;;;;;;;;;;;;;;;;;;;;;;;;;;;;;;;;;;;;;;;;;;;;;;;;;;;;;;;;;;;;;;;;;;;;;;;;;
    375  f232							; Set terrain/river colour to green/blue
    376  f232							;;;;;;;;;;;;;;;;;;;;;;;;;;;;;;;;;;;;;;;;;;;;;;;;;;;;;;;;;;;;;;;;;;;;;;;;;;;;;;;;
    377  f232				   SetTerrainRiverColour subroutine
    378  f232		       a9 c2		      lda	#$C2
    379  f234		       85 97		      sta	TerrainColour
    380  f236		       a9 84		      lda	#$84
    381  f238		       85 98		      sta	RiverColour
    382  f23a
    383  f23a		       60		      rts
    384  f23b
    385  f23b
    386  f23b							;;;;;;;;;;;;;;;;;;;;;;;;;;;;;;;;;;;;;;;;;;;;;;;;;;;;;;;;;;;;;;;;;;;;;;;;;;;;;;;;
    387  f23b							; accumulator contains x-posiiton
    388  f23b							; y register contains object (0:player0, 1:player1, 2:missile0, 3:missile1, 4:ball)
    389  f23b							;;;;;;;;;;;;;;;;;;;;;;;;;;;;;;;;;;;;;;;;;;;;;;;;;;;;;;;;;;;;;;;;;;;;;;;;;;;;;;;;
    390  f23b				   SetObjXPos subroutine
    391  f23b		       85 02		      sta	WSYNC
    392  f23d		       38		      sec
    393  f23e				   .DivideLoop
    394  f23e		       e9 0f		      sbc	#15
    395  f240		       b0 fc		      bcs	.DivideLoop	; loop while carry is set
    396  f242
    397  f242		       49 07		      eor	#7	; exclusive OR with accumulator
    398  f244							; A will be between -8 and 7
    399  f244					      REPEAT	4
    400  f244		       0a		      asl		; bitshift a, HMP0 uses only 4 bits
    399  f244					      REPEND
    400  f245		       0a		      asl		; bitshift a, HMP0 uses only 4 bits
    399  f245					      REPEND
    400  f246		       0a		      asl		; bitshift a, HMP0 uses only 4 bits
    399  f246					      REPEND
    400  f247		       0a		      asl		; bitshift a, HMP0 uses only 4 bits
    401  f248					      REPEND
    402  f248
    403  f248		       99 20 00 	      sta	HMP0,Y	; set fine position value
    404  f24b		       99 10 00 	      sta	RESP0,Y	; set coarse position value
    405  f24e		       60		      rts
    406  f24f
    407  f24f							;;;;;;;;;;;;;;;;;;;;;;;;;;;;;;;;;;;;;;;;;;;;;;;;;;;;;;;;;;;;;;;;;;;;;;;;;;;;;;;;
    408  f24f							; GameOver Subroutine
    409  f24f							;;;;;;;;;;;;;;;;;;;;;;;;;;;;;;;;;;;;;;;;;;;;;;;;;;;;;;;;;;;;;;;;;;;;;;;;;;;;;;;;
    410  f24f				   GameOver   subroutine
    411  f24f							; Set background to red for one frame
    412  f24f		       a9 30		      lda	#$30
    413  f251		       85 97		      sta	TerrainColour
    414  f253		       85 98		      sta	RiverColour
    415  f255
    416  f255		       a9 00		      lda	#0
    417  f257		       85 84		      sta	Score
    418  f259		       85 85		      sta	Timer
    419  f25b
    420  f25b		       60		      rts
    421  f25c
    422  f25c
    423  f25c							;;;;;;;;;;;;;;;;;;;;;;;;;;;;;;;;;;;;;;;;;;;;;;;;;;;;;;;;;;;;;;;;;;;;;;;;;;;;;;;;
    424  f25c							; generate random number using LFSR
    425  f25c							;;;;;;;;;;;;;;;;;;;;;;;;;;;;;;;;;;;;;;;;;;;;;;;;;;;;;;;;;;;;;;;;;;;;;;;;;;;;;;;;
    426  f25c				   SpawnBomber subroutine
    427  f25c							; The LFSR
    428  f25c		       a5 94		      lda	Random
    429  f25e		       0a		      asl
    430  f25f		       45 94		      eor	Random
    431  f261		       0a		      asl
    432  f262		       45 94		      eor	Random
    433  f264		       0a		      asl
    434  f265		       0a		      asl
    435  f266		       45 94		      eor	Random
    436  f268		       0a		      asl
    437  f269		       26 94		      rol	Random
    438  f26b
    439  f26b							; Divide by 4 to match playfield size
    440  f26b		       4a		      lsr
    441  f26c		       4a		      lsr
    442  f26d		       85 82		      sta	BomberXPos
    443  f26f		       a9 1e		      lda	#30	; Add 30 for playfield bounds
    444  f271		       65 82		      adc	BomberXPos
    445  f273		       85 82		      sta	BomberXPos
    446  f275
    447  f275		       a9 60		      lda	#96
    448  f277		       85 83		      sta	BomberYPos
    449  f279
    450  f279				   .SetScoreValues
    451  f279		       f8		      sed		; Turn on decimal mode
    452  f27a		       a5 84		      lda	Score
    453  f27c		       18		      clc
    454  f27d		       69 01		      adc	#1
    455  f27f		       85 84		      sta	Score
    456  f281		       d8		      cld		; Turn off decimal mode
    457  f282		       60		      rts
    458  f283
    459  f283							;;;;;;;;;;;;;;;;;;;;;;;;;;;;;;;;;;;;;;;;;;;;;;;;;;;;;;;;;;;;;;;;;;;;;;;;;;;;;;;;
    460  f283							; Set scoreboard digits to be displayed to screen
    461  f283							; We do it in hex because it's easier or something idk lol
    462  f283							; I'll probably come back to this to try make a decimal display
    463  f283							;;;;;;;;;;;;;;;;;;;;;;;;;;;;;;;;;;;;;;;;;;;;;;;;;;;;;;;;;;;;;;;;;;;;;;;;;;;;;;;;
    464  f283				   CalculateDigitOffset subroutine
    465  f283		       a2 01		      ldx	#1
    466  f285				   .PrepareScoreLoop
    467  f285							; Ones digit
    468  f285		       b5 84		      lda	Score,X	; Timer when x = 1
    469  f287		       29 0f		      and	#%00001111
    470  f289		       85 86		      sta	Temp
    471  f28b		       0a		      asl
    472  f28c		       0a		      asl
    473  f28d		       65 86		      adc	Temp
    474  f28f		       95 87		      sta	OnesDigitOffset,X
    475  f291							; Tens digit
    476  f291		       b5 84		      lda	Score,X
    477  f293		       29 f0		      and	#%11110000
    478  f295		       85 86		      sta	Temp
    479  f297		       4a		      lsr
    480  f298		       4a		      lsr
    481  f299		       85 86		      sta	Temp
    482  f29b		       4a		      lsr
    483  f29c		       4a		      lsr
    484  f29d		       65 86		      adc	Temp
    485  f29f		       95 89		      sta	TensDigitOffset,X
    486  f2a1
    487  f2a1		       ca		      dex
    488  f2a2		       10 e1		      bpl	.PrepareScoreLoop
    489  f2a4		       60		      rts
    490  f2a5
    491  f2a5							;;;;;;;;;;;;;;;;;;;;;;;;;;;;;;;;;;;;;;;;;;;;;;;;;;;;;;;;;;;;;;;;;;;;;;;;;;;;;;;;
    492  f2a5							; Sleep 12 cycles
    493  f2a5							; jsr takes 6 cycle, rts takes 6 cycles
    494  f2a5							;;;;;;;;;;;;;;;;;;;;;;;;;;;;;;;;;;;;;;;;;;;;;;;;;;;;;;;;;;;;;;;;;;;;;;;;;;;;;;;;
    495  f2a5				   Sleep12Cycles subroutine
    496  f2a5		       60		      rts
    497  f2a6
    498  f2a6
    499  f2a6							; Sprites
    500  f2a6				   Digits
    501  f2a6		       77		      .byte.b	%01110111	; ### ###
    502  f2a7		       55		      .byte.b	%01010101	; # # # #
    503  f2a8		       55		      .byte.b	%01010101	; # # # #
    504  f2a9		       55		      .byte.b	%01010101	; # # # #
    505  f2aa		       77		      .byte.b	%01110111	; ### ###
    506  f2ab
    507  f2ab		       11		      .byte.b	%00010001	;   #	 #
    508  f2ac		       11		      .byte.b	%00010001	;   #	 #
    509  f2ad		       11		      .byte.b	%00010001	;   #	 #
    510  f2ae		       11		      .byte.b	%00010001	;   #	 #
    511  f2af		       11		      .byte.b	%00010001	;   #	 #
    512  f2b0
    513  f2b0		       77		      .byte.b	%01110111	; ### ###
    514  f2b1		       11		      .byte.b	%00010001	;   #	 #
    515  f2b2		       77		      .byte.b	%01110111	; ### ###
    516  f2b3		       44		      .byte.b	%01000100	; #   #
    517  f2b4		       77		      .byte.b	%01110111	; ### ###
    518  f2b5
    519  f2b5		       77		      .byte.b	%01110111	; ### ###
    520  f2b6		       11		      .byte.b	%00010001	;   #	 #
    521  f2b7		       33		      .byte.b	%00110011	;  ##	##
    522  f2b8		       11		      .byte.b	%00010001	;   #	 #
    523  f2b9		       77		      .byte.b	%01110111	; ### ###
    524  f2ba
    525  f2ba		       55		      .byte.b	%01010101	; # # # #
    526  f2bb		       55		      .byte.b	%01010101	; # # # #
    527  f2bc		       77		      .byte.b	%01110111	; ### ###
    528  f2bd		       11		      .byte.b	%00010001	;   #	 #
    529  f2be		       11		      .byte.b	%00010001	;   #	 #
    530  f2bf
    531  f2bf		       77		      .byte.b	%01110111	; ### ###
    532  f2c0		       44		      .byte.b	%01000100	; #   #
    533  f2c1		       77		      .byte.b	%01110111	; ### ###
    534  f2c2		       11		      .byte.b	%00010001	;   #	 #
    535  f2c3		       77		      .byte.b	%01110111	; ### ###
    536  f2c4
    537  f2c4		       77		      .byte.b	%01110111	; ### ###
    538  f2c5		       44		      .byte.b	%01000100	; #   #
    539  f2c6		       77		      .byte.b	%01110111	; ### ###
    540  f2c7		       55		      .byte.b	%01010101	; # # # #
    541  f2c8		       77		      .byte.b	%01110111	; ### ###
    542  f2c9
    543  f2c9		       77		      .byte.b	%01110111	; ### ###
    544  f2ca		       11		      .byte.b	%00010001	;   #	 #
    545  f2cb		       11		      .byte.b	%00010001	;   #	 #
    546  f2cc		       11		      .byte.b	%00010001	;   #	 #
    547  f2cd		       11		      .byte.b	%00010001	;   #	 #
    548  f2ce
    549  f2ce		       77		      .byte.b	%01110111	; ### ###
    550  f2cf		       55		      .byte.b	%01010101	; # # # #
    551  f2d0		       77		      .byte.b	%01110111	; ### ###
    552  f2d1		       55		      .byte.b	%01010101	; # # # #
    553  f2d2		       77		      .byte.b	%01110111	; ### ###
    554  f2d3
    555  f2d3		       77		      .byte.b	%01110111	; ### ###
    556  f2d4		       55		      .byte.b	%01010101	; # # # #
    557  f2d5		       77		      .byte.b	%01110111	; ### ###
    558  f2d6		       11		      .byte.b	%00010001	;   #	 #
    559  f2d7		       77		      .byte.b	%01110111	; ### ###
    560  f2d8
    561  f2d8		       22		      .byte.b	%00100010	;  #	#
    562  f2d9		       55		      .byte.b	%01010101	; # # # #
    563  f2da		       77		      .byte.b	%01110111	; ### ###
    564  f2db		       55		      .byte.b	%01010101	; # # # #
    565  f2dc		       55		      .byte.b	%01010101	; # # # #
    566  f2dd
    567  f2dd		       77		      .byte.b	%01110111	; ### ###
    568  f2de		       55		      .byte.b	%01010101	; # # # #
    569  f2df		       66		      .byte.b	%01100110	; ##  ##
    570  f2e0		       55		      .byte.b	%01010101	; # # # #
    571  f2e1		       77		      .byte.b	%01110111	; ### ###
    572  f2e2
    573  f2e2		       77		      .byte.b	%01110111	; ### ###
    574  f2e3		       44		      .byte.b	%01000100	; #   #
    575  f2e4		       44		      .byte.b	%01000100	; #   #
    576  f2e5		       44		      .byte.b	%01000100	; #   #
    577  f2e6		       77		      .byte.b	%01110111	; ### ###
    578  f2e7
    579  f2e7		       66		      .byte.b	%01100110	; ##  ##
    580  f2e8		       55		      .byte.b	%01010101	; # # # #
    581  f2e9		       55		      .byte.b	%01010101	; # # # #
    582  f2ea		       55		      .byte.b	%01010101	; # # # #
    583  f2eb		       66		      .byte.b	%01100110	; ##  ##
    584  f2ec
    585  f2ec		       77		      .byte.b	%01110111	; ### ###
    586  f2ed		       44		      .byte.b	%01000100	; #   #
    587  f2ee		       77		      .byte.b	%01110111	; ### ###
    588  f2ef		       44		      .byte.b	%01000100	; #   #
    589  f2f0		       77		      .byte.b	%01110111	; ### ###
    590  f2f1
    591  f2f1		       77		      .byte.b	%01110111	; ### ###
    592  f2f2		       44		      .byte.b	%01000100	; #   #
    593  f2f3		       66		      .byte.b	%01100110	; ##  ##
    594  f2f4		       44		      .byte.b	%01000100	; #   #
    595  f2f5		       44		      .byte.b	%01000100	; #   #
    596  f2f6
    597  f2f6				   BallDude
    598  f2f6		       00		      .byte.b	#%00000000
    599  f2f7		       7e		      .byte.b	#%01111110	;$5A
    600  f2f8		       ff		      .byte.b	#%11111111	;$5A
    601  f2f9		       ff		      .byte.b	#%11111111	;$58
    602  f2fa		       ff		      .byte.b	#%11111111	;$56
    603  f2fb		       9f		      .byte.b	#%10011111	;$54
    604  f2fc		       db		      .byte.b	#%11011011	;$54
    605  f2fd		       fb		      .byte.b	#%11111011	;$52
    606  f2fe		       76		      .byte.b	#%01110110	;$52
    607  f2ff				   BallDudeTurning
    608  f2ff		       00		      .byte.b	#%00000000
    609  f300		       18		      .byte.b	#%00011000	;$5A
    610  f301		       3c		      .byte.b	#%00111100	;$58
    611  f302		       7e		      .byte.b	#%01111110	;$56
    612  f303		       7e		      .byte.b	#%01111110	;$54
    613  f304		       4a		      .byte.b	#%01001010	;$54
    614  f305		       6a		      .byte.b	#%01101010	;$52
    615  f306		       34		      .byte.b	#%00110100	;$52
    616  f307		       18		      .byte.b	#%00011000	;$52
    617  f308				   Adrien
    618  f308		       00		      .byte.b	#%00000000
    619  f309		       ff		      .byte.b	#%11111111	;$16
    620  f30a		       e7		      .byte.b	#%11100111	;$16
    621  f30b		       e7		      .byte.b	#%11100111	;$18
    622  f30c		       7e		      .byte.b	#%01111110	;$18
    623  f30d		       5a		      .byte.b	#%01011010	;$1A
    624  f30e		       3c		      .byte.b	#%00111100	;$1A
    625  f30f		       3c		      .byte.b	#%00111100	;$1C
    626  f310		       18		      .byte.b	#%00011000	;$1C
    627  f311
    628  f311				   BallDudeCol
    629  f311		       00		      .byte.b	#$00
    630  f312		       5a		      .byte.b	#$5A	;
    631  f313		       58		      .byte.b	#$58	;
    632  f314		       56		      .byte.b	#$56	;
    633  f315		       54		      .byte.b	#$54	;
    634  f316		       54		      .byte.b	#$54	;
    635  f317		       52		      .byte.b	#$52	;
    636  f318		       52		      .byte.b	#$52	;
    637  f319		       52		      .byte.b	#$52	;
    638  f31a				   BallDudeTurningCol
    639  f31a		       00		      .byte.b	#$00
    640  f31b		       5a		      .byte.b	#$5A	;
    641  f31c		       58		      .byte.b	#$58	;
    642  f31d		       56		      .byte.b	#$56	;
    643  f31e		       54		      .byte.b	#$54	;
    644  f31f		       54		      .byte.b	#$54	;
    645  f320		       52		      .byte.b	#$52	;
    646  f321		       52		      .byte.b	#$52	;
    647  f322		       52		      .byte.b	#$52	;
    648  f323				   AdrienCol
    649  f323		       00		      .byte.b	#$00
    650  f324		       16		      .byte.b	#$16	;
    651  f325		       16		      .byte.b	#$16	;
    652  f326		       18		      .byte.b	#$18	;
    653  f327		       18		      .byte.b	#$18	;
    654  f328		       1a		      .byte.b	#$1A	;
    655  f329		       1a		      .byte.b	#$1A	;
    656  f32a		       1c		      .byte.b	#$1C	;
    657  f32b		       1c		      .byte.b	#$1C	;
    658  f32c
    659  f32c							; Complete ROM with 4kb
    660  fffc					      org	$FFFC
    661  fffc		       00 f0		      word.w	Reset
    662  fffe		       00 f0		      word.w	Reset
