------- FILE bomber.asm LEVEL 1 PASS 2
      1  fffe					      processor	6502
      2  10000 ????
------- FILE macro.h LEVEL 2 PASS 2
      0  10000 ????				       include	"macro.h"
      1  10000 ????						; MACRO.H
      2  10000 ????						; Version 1.05, 13/NOVEMBER/2003
      3  10000 ????
      4  10000 ????		00 69	    VERSION_MACRO =	105
      5  10000 ????
      6  10000 ????						;
      7  10000 ????						; THIS FILE IS EXPLICITLY SUPPORTED AS A DASM-PREFERRED COMPANION FILE
      8  10000 ????						; PLEASE DO *NOT* REDISTRIBUTE MODIFIED VERSIONS OF THIS FILE!
      9  10000 ????						;
     10  10000 ????						; This file defines DASM macros useful for development for the Atari 2600.
     11  10000 ????						; It is distributed as a companion machine-specific support package
     12  10000 ????						; for the DASM compiler. Updates to this file, DASM, and associated tools are
     13  10000 ????						; available at at http://www.atari2600.org/dasm
     14  10000 ????						;
     15  10000 ????						; Many thanks to the people who have contributed.  If you take issue with the
     16  10000 ????						; contents, or would like to add something, please write to me
     17  10000 ????						; (atari2600@taswegian.com) with your contribution.
     18  10000 ????						;
     19  10000 ????						; Latest Revisions...
     20  10000 ????						;
     21  10000 ????						; 1.05  14/NOV/2003	  - Added VERSION_MACRO equate (which will reflect 100x version #)
     22  10000 ????						;			    This will allow conditional code to verify MACRO.H being
     23  10000 ????						;			    used for code assembly.
     24  10000 ????						; 1.04  13/NOV/2003	 - SET_POINTER macro added (16-bit address load)
     25  10000 ????						;
     26  10000 ????						; 1.03  23/JUN/2003	 - CLEAN_START macro added - clears TIA, RAM, registers
     27  10000 ????						;
     28  10000 ????						; 1.02  14/JUN/2003	 - VERTICAL_SYNC macro added
     29  10000 ????						;			   (standardised macro for vertical synch code)
     30  10000 ????						; 1.01  22/MAR/2003	 - SLEEP macro added.
     31  10000 ????						;			 - NO_ILLEGAL_OPCODES switch implemented
     32  10000 ????						; 1.0	22/MAR/2003		Initial release
     33  10000 ????
     34  10000 ????						; Note: These macros use illegal opcodes.  To disable illegal opcode usage,
     35  10000 ????						;   define the symbol NO_ILLEGAL_OPCODES (-DNO_ILLEGAL_OPCODES=1 on command-line).
     36  10000 ????						;   If you do not allow illegal opcode usage, you must include this file
     37  10000 ????						;   *after* including VCS.H (as the non-illegal opcodes access hardware
     38  10000 ????						;   registers and require them to be defined first).
     39  10000 ????
     40  10000 ????						; Available macros...
     41  10000 ????						;   SLEEP n		 - sleep for n cycles
     42  10000 ????						;   VERTICAL_SYNC	 - correct 3 scanline vertical synch code
     43  10000 ????						;   CLEAN_START	 - set machine to known state on startup
     44  10000 ????						;   SET_POINTER	 - load a 16-bit absolute to a 16-bit variable
     45  10000 ????
     46  10000 ????						;-------------------------------------------------------------------------------
     47  10000 ????						; SLEEP duration
     48  10000 ????						; Original author: Thomas Jentzsch
     49  10000 ????						; Inserts code which takes the specified number of cycles to execute.	This is
     50  10000 ????						; useful for code where precise timing is required.
     51  10000 ????						; ILLEGAL-OPCODE VERSION DOES NOT AFFECT FLAGS OR REGISTERS.
     52  10000 ????						; LEGAL OPCODE VERSION MAY AFFECT FLAGS
     53  10000 ????						; Uses illegal opcode (DASM 2.20.01 onwards).
     54  10000 ????
     55  10000 ????				       MAC	sleep
     56  10000 ????			    .CYCLES    SET	{1}
     57  10000 ????
     58  10000 ????				       IF	.CYCLES < 2
     59  10000 ????				       ECHO	"MACRO ERROR: 'SLEEP': Duration must be > 1"
     60  10000 ????				       ERR
     61  10000 ????				       ENDIF
     62  10000 ????
     63  10000 ????				       IF	.CYCLES & 1
     64  10000 ????				       IFNCONST	NO_ILLEGAL_OPCODES
     65  10000 ????				       nop	0
     66  10000 ????				       ELSE
     67  10000 ????				       bit	VSYNC
     68  10000 ????				       ENDIF
     69  10000 ????			    .CYCLES    SET	.CYCLES - 3
     70  10000 ????				       ENDIF
     71  10000 ????
     72  10000 ????				       REPEAT	.CYCLES / 2
     73  10000 ????				       nop
     74  10000 ????				       REPEND
     75  10000 ????				       ENDM		;usage: SLEEP n (n>1)
     76  10000 ????
     77  10000 ????						;-------------------------------------------------------------------------------
     78  10000 ????						; VERTICAL_SYNC
     79  10000 ????						; Original author: Manuel Polik
     80  10000 ????						; Inserts the code required for a proper 3 scannline
     81  10000 ????						; vertical sync sequence
     82  10000 ????						;
     83  10000 ????						; Note: Alters the accumulator
     84  10000 ????						;
     85  10000 ????						; IN:
     86  10000 ????						; OUT: A = 1
     87  10000 ????
     88  10000 ????				       MAC	vertical_sync
     89  10000 ????				       LDA	#$02	; A = VSYNC enable
     90  10000 ????				       STA	WSYNC	; Finish current line
     91  10000 ????				       STA	VSYNC	; Start vertical sync
     92  10000 ????				       STA	WSYNC	; 1st line vertical sync
     93  10000 ????				       STA	WSYNC	; 2nd line vertical sync
     94  10000 ????				       LSR		; A = VSYNC disable
     95  10000 ????				       STA	WSYNC	; 3rd line vertical sync
     96  10000 ????				       STA	VSYNC	; Stop vertical sync
     97  10000 ????				       ENDM
     98  10000 ????
     99  10000 ????						;-------------------------------------------------------------------------------
    100  10000 ????						; CLEAN_START
    101  10000 ????						; Original author: Andrew Davie
    102  10000 ????						; Standardised start-up code, clears stack, all TIA registers and RAM to 0
    103  10000 ????						; Sets stack pointer to $FF, and all registers to 0
    104  10000 ????						; Sets decimal mode off, sets interrupt flag (kind of un-necessary)
    105  10000 ????						; Use as very first section of code on boot (ie: at reset)
    106  10000 ????						; Code written to minimise total ROM usage - uses weird 6502 knowledge :)
    107  10000 ????
    108  10000 ????				       MAC	clean_start
    109  10000 ????				       sei
    110  10000 ????				       cld
    111  10000 ????
    112  10000 ????				       ldx	#0
    113  10000 ????				       txa
    114  10000 ????				       tay
    115  10000 ????			    .CLEAR_STACK dex
    116  10000 ????				       txs
    117  10000 ????				       pha
    118  10000 ????				       bne	.CLEAR_STACK	; SP=$FF, X = A = Y = 0
    119  10000 ????
    120  10000 ????				       ENDM
    121  10000 ????
    122  10000 ????						;-------------------------------------------------------
    123  10000 ????						; SET_POINTER
    124  10000 ????						; Original author: Manuel Rotschkar
    125  10000 ????						;
    126  10000 ????						; Sets a 2 byte RAM pointer to an absolute address.
    127  10000 ????						;
    128  10000 ????						; Usage: SET_POINTER pointer, address
    129  10000 ????						; Example: SET_POINTER SpritePTR, SpriteData
    130  10000 ????						;
    131  10000 ????						; Note: Alters the accumulator, NZ flags
    132  10000 ????						; IN 1: 2 byte RAM location reserved for pointer
    133  10000 ????						; IN 2: absolute address
    134  10000 ????
    135  10000 ????				       MAC	set_pointer
    136  10000 ????			    .POINTER   SET	{1}
    137  10000 ????			    .ADDRESS   SET	{2}
    138  10000 ????
    139  10000 ????				       LDA	#<.ADDRESS	; Get Lowbyte of Address
    140  10000 ????				       STA	.POINTER	; Store in pointer
    141  10000 ????				       LDA	#>.ADDRESS	; Get Hibyte of Address
    142  10000 ????				       STA	.POINTER+1	; Store in pointer+1
    143  10000 ????
    144  10000 ????				       ENDM
    145  10000 ????
    146  10000 ????
    147  10000 ????						;-------------------------------------------------------
    148  10000 ????						; SAME PAGE BRANCH CHECK
    149  10000 ????						; Original auther: John Payson
    150  10000 ????						;
    151  10000 ????						; Usage: sbeq, sbne, etc just like a normal beq, bne, etc.
    152  10000 ????						;	  A message will be output if the target of the branch
    153  10000 ????						;	  is not on the same page.
    154  10000 ????						;
    155  10000 ????				       mac	sbcc
    156  10000 ????				       bcc	{1}
    157  10000 ????				       if	(* ^ {1}) & $FF00
    158  10000 ????				       echo	"PAGE CROSSING","WARNING ",{1}," at ",*
    159  10000 ????				       err
    160  10000 ????				       endif
    161  10000 ????				       endm
    162  10000 ????
    163  10000 ????				       mac	sbcs
    164  10000 ????				       bcs	{1}
    165  10000 ????				       if	(* ^ {1}) & $FF00
    166  10000 ????				       echo	"PAGE CROSSING","WARNING ",{1}," at ",*
    167  10000 ????				       err
    168  10000 ????				       endif
    169  10000 ????				       endm
    170  10000 ????
    171  10000 ????				       mac	sbeq
    172  10000 ????				       beq	{1}
    173  10000 ????				       if	(* ^ {1}) & $FF00
    174  10000 ????				       echo	"PAGE CROSSING","WARNING ",{1}," at ",*
    175  10000 ????				       err
    176  10000 ????				       endif
    177  10000 ????				       endm
    178  10000 ????
    179  10000 ????				       mac	sbmi
    180  10000 ????				       bmi	{1}
    181  10000 ????				       if	(* ^ {1}) & $FF00
    182  10000 ????				       echo	"PAGE CROSSING","WARNING ",{1}," at ",*
    183  10000 ????				       err
    184  10000 ????				       endif
    185  10000 ????				       endm
    186  10000 ????
    187  10000 ????				       mac	sbne
    188  10000 ????				       bne	{1}
    189  10000 ????				       if	(* ^ {1}) & $FF00
    190  10000 ????				       echo	"PAGE CROSSING","WARNING ",{1}," at ",*
    191  10000 ????				       err
    192  10000 ????				       endif
    193  10000 ????				       endm
    194  10000 ????
    195  10000 ????				       mac	sbpl
    196  10000 ????				       bpl	{1}
    197  10000 ????				       if	(* ^ {1}) & $FF00
    198  10000 ????				       echo	"PAGE CROSSING","WARNING ",{1}," at ",*
    199  10000 ????				       err
    200  10000 ????				       endif
    201  10000 ????				       endm
    202  10000 ????
    203  10000 ????				       mac	sbvc
    204  10000 ????				       bvc	{1}
    205  10000 ????				       if	(* ^ {1}) & $FF00
    206  10000 ????				       echo	"PAGE CROSSING","WARNING ",{1}," at ",*
    207  10000 ????				       err
    208  10000 ????				       endif
    209  10000 ????				       endm
    210  10000 ????
    211  10000 ????				       mac	sbvs
    212  10000 ????				       bvs	{1}
    213  10000 ????				       if	(* ^ {1}) & $FF00
    214  10000 ????				       echo	"PAGE CROSSING","WARNING ",{1}," at ",*
    215  10000 ????				       err
    216  10000 ????				       endif
    217  10000 ????				       endm
    218  10000 ????
    219  10000 ????						;-------------------------------------------------------
    220  10000 ????						; DIFFERENT PAGE BRANCH CHECK
    221  10000 ????						; Original auther: Darrell Spice, Jr.
    222  10000 ????						;
    223  10000 ????						; Usage: dbeq, dbne, etc just like a normal beq, bne, etc.
    224  10000 ????						;	  A message will be output if the target of the branch
    225  10000 ????						;	  is not on a different page.
    226  10000 ????						;
    227  10000 ????				       mac	dbcc
    228  10000 ????				       bcc	{1}
    229  10000 ????				       if	((* ^ {1}) & $FF00) = 0
    230  10000 ????				       echo	"SAME PAGE","WARNING ",{1}," at ",*
    231  10000 ????				       err
    232  10000 ????				       endif
    233  10000 ????				       endm
    234  10000 ????
    235  10000 ????				       mac	dbcs
    236  10000 ????				       bcs	{1}
    237  10000 ????				       if	((* ^ {1}) & $FF00) = 0
    238  10000 ????				       echo	"SAME PAGE","WARNING ",{1}," at ",*
    239  10000 ????				       err
    240  10000 ????				       endif
    241  10000 ????				       endm
    242  10000 ????
    243  10000 ????				       mac	dbeq
    244  10000 ????				       beq	{1}
    245  10000 ????				       if	((* ^ {1}) & $FF00) = 0
    246  10000 ????				       echo	"SAME PAGE","WARNING ",{1}," at ",*
    247  10000 ????				       err
    248  10000 ????				       endif
    249  10000 ????				       endm
    250  10000 ????
    251  10000 ????				       mac	dbmi
    252  10000 ????				       bmi	{1}
    253  10000 ????				       if	((* ^ {1}) & $FF00) = 0
    254  10000 ????				       echo	"SAME PAGE","WARNING ",{1}," at ",*
    255  10000 ????				       err
    256  10000 ????				       endif
    257  10000 ????				       endm
    258  10000 ????
    259  10000 ????				       mac	dbne
    260  10000 ????				       bne	{1}
    261  10000 ????				       if	((* ^ {1}) & $FF00) = 0
    262  10000 ????				       echo	"SAME PAGE","WARNING ",{1}," at ",*
    263  10000 ????				       err
    264  10000 ????				       endif
    265  10000 ????				       endm
    266  10000 ????
    267  10000 ????				       mac	dbpl
    268  10000 ????				       bpl	{1}
    269  10000 ????				       if	((* ^ {1}) & $FF00) = 0
    270  10000 ????				       echo	"SAME PAGE","WARNING ",{1}," at ",*
    271  10000 ????				       err
    272  10000 ????				       endif
    273  10000 ????				       endm
    274  10000 ????
    275  10000 ????				       mac	dbvc
    276  10000 ????				       bvc	{1}
    277  10000 ????				       if	((* ^ {1}) & $FF00) = 0
    278  10000 ????				       echo	"SAME PAGE","WARNING ",{1}," at ",*
    279  10000 ????				       err
    280  10000 ????				       endif
    281  10000 ????				       endm
    282  10000 ????
    283  10000 ????				       mac	dbvs
    284  10000 ????				       bvs	{1}
    285  10000 ????				       if	((* ^ {1}) & $FF00) = 0
    286  10000 ????				       echo	"SAME PAGE","WARNING ",{1}," at ",*
    287  10000 ????				       err
    288  10000 ????				       endif
    289  10000 ????				       endm
    290  10000 ????
    291  10000 ????						; EOF
------- FILE bomber.asm
------- FILE vcs.h LEVEL 2 PASS 2
      0  10000 ????				       include	"vcs.h"
      1  10000 ????						; VCS.H
      2  10000 ????						; Version 1.05, 13/November/2003
      3  10000 ????
      4  10000 ????		00 69	    VERSION_VCS =	105
      5  10000 ????
      6  10000 ????						; THIS IS A PRELIMINARY RELEASE OF *THE* "STANDARD" VCS.H
      7  10000 ????						; THIS FILE IS EXPLICITLY SUPPORTED AS A DASM-PREFERRED COMPANION FILE
      8  10000 ????						; PLEASE DO *NOT* REDISTRIBUTE THIS FILE!
      9  10000 ????						;
     10  10000 ????						; This file defines hardware registers and memory mapping for the
     11  10000 ????						; Atari 2600. It is distributed as a companion machine-specific support package
     12  10000 ????						; for the DASM compiler. Updates to this file, DASM, and associated tools are
     13  10000 ????						; available at at http://www.atari2600.org/dasm
     14  10000 ????						;
     15  10000 ????						; Many thanks to the original author(s) of this file, and to everyone who has
     16  10000 ????						; contributed to understanding the Atari 2600.  If you take issue with the
     17  10000 ????						; contents, or naming of registers, please write to me (atari2600@taswegian.com)
     18  10000 ????						; with your views.  Please contribute, if you think you can improve this
     19  10000 ????						; file!
     20  10000 ????						;
     21  10000 ????						; Latest Revisions...
     22  10000 ????						; 1.05  13/NOV/2003	  - Correction to 1.04 - now functions as requested by MR.
     23  10000 ????						;			  - Added VERSION_VCS equate (which will reflect 100x version #)
     24  10000 ????						;			    This will allow conditional code to verify VCS.H being
     25  10000 ????						;			    used for code assembly.
     26  10000 ????						; 1.04  12/NOV/2003	 Added TIA_BASE_WRITE_ADDRESS and TIA_BASE_READ_ADDRESS for
     27  10000 ????						;			 convenient disassembly/reassembly compatibility for hardware
     28  10000 ????						;			 mirrored reading/writing differences.	This is more a
     29  10000 ????						;			 readability issue, and binary compatibility with disassembled
     30  10000 ????						;			 and reassembled sources.  Per Manuel Rotschkar's suggestion.
     31  10000 ????						; 1.03  12/MAY/2003	 Added SEG segment at end of file to fix old-code compatibility
     32  10000 ????						;			 which was broken by the use of segments in this file, as
     33  10000 ????						;			 reported by Manuel Polik on [stella] 11/MAY/2003
     34  10000 ????						; 1.02  22/MAR/2003	 Added TIMINT($285)
     35  10000 ????						; 1.01				Constant offset added to allow use for 3F-style bankswitching
     36  10000 ????						;						 - define TIA_BASE_ADDRESS as $40 for Tigervision carts, otherwise
     37  10000 ????						;						   it is safe to leave it undefined, and the base address will
     38  10000 ????						;						   be set to 0.  Thanks to Eckhard Stolberg for the suggestion.
     39  10000 ????						;			    Note, may use -DLABEL=EXPRESSION to define TIA_BASE_ADDRESS
     40  10000 ????						;			  - register definitions are now generated through assignment
     41  10000 ????						;			    in uninitialised segments.	This allows a changeable base
     42  10000 ????						;			    address architecture.
     43  10000 ????						; 1.0	22/MAR/2003		Initial release
     44  10000 ????						;-------------------------------------------------------------------------------
     45  10000 ????						; TIA_BASE_ADDRESS
     46  10000 ????						; The TIA_BASE_ADDRESS defines the base address of access to TIA registers.
     47  10000 ????						; Normally 0, the base address should (externally, before including this file)
     48  10000 ????						; be set to $40 when creating 3F-bankswitched (and other?) cartridges.
     49  10000 ????						; The reason is that this bankswitching scheme treats any access to locations
     50  10000 ????						; < $40 as a bankswitch.
     51  10000 ????			   -	       IFNCONST	TIA_BASE_ADDRESS
     52  10000 ????			   -TIA_BASE_ADDRESS =	0
     53  10000 ????				       ENDIF
     54  10000 ????						; Note: The address may be defined on the command-line using the -D switch, eg:
     55  10000 ????						; dasm.exe code.asm -DTIA_BASE_ADDRESS=$40 -f3 -v5 -ocode.bin
     56  10000 ????						; *OR* by declaring the label before including this file, eg:
     57  10000 ????						; TIA_BASE_ADDRESS = $40
     58  10000 ????						;   include "vcs.h"
     59  10000 ????						; Alternate read/write address capability - allows for some disassembly compatibility
     60  10000 ????						; usage ; to allow reassembly to binary perfect copies).  This is essentially catering
     61  10000 ????						; for the mirrored ROM hardware registers.
     62  10000 ????						; Usage: As per above, define the TIA_BASE_READ_ADDRESS and/or TIA_BASE_WRITE_ADDRESS
     63  10000 ????						; using the -D command-line switch, as required.  If the addresses are not defined,
     64  10000 ????						; they defaut to the TIA_BASE_ADDRESS.
     65  10000 ????			   -	       IFNCONST	TIA_BASE_READ_ADDRESS
     66  10000 ????			   -TIA_BASE_READ_ADDRESS =	TIA_BASE_ADDRESS
     67  10000 ????				       ENDIF
     68  10000 ????			   -	       IFNCONST	TIA_BASE_WRITE_ADDRESS
     69  10000 ????			   -TIA_BASE_WRITE_ADDRESS =	TIA_BASE_ADDRESS
     70  10000 ????				       ENDIF
     71  10000 ????						;-------------------------------------------------------------------------------
     72 U002d ????				      SEG.U	TIA_REGISTERS_WRITE
     73 U0000					      ORG	TIA_BASE_WRITE_ADDRESS
     74 U0000							; DO NOT CHANGE THE RELATIVE ORDERING OF REGISTERS!
     75 U0000		       00	   VSYNC      ds	1	; $00	 0000 00x0   Vertical Sync Set-Clear
     76 U0001		       00	   VBLANK     ds	1	; $01	 xx00 00x0   Vertical Blank Set-Clear
     77 U0002		       00	   WSYNC      ds	1	; $02	 ---- ----   Wait for Horizontal Blank
     78 U0003		       00	   RSYNC      ds	1	; $03	 ---- ----   Reset Horizontal Sync Counter
     79 U0004		       00	   NUSIZ0     ds	1	; $04	 00xx 0xxx   Number-Size player/missle 0
     80 U0005		       00	   NUSIZ1     ds	1	; $05	 00xx 0xxx   Number-Size player/missle 1
     81 U0006		       00	   COLUP0     ds	1	; $06	 xxxx xxx0   Color-Luminance Player 0
     82 U0007		       00	   COLUP1     ds	1	; $07	 xxxx xxx0   Color-Luminance Player 1
     83 U0008		       00	   COLUPF     ds	1	; $08	 xxxx xxx0   Color-Luminance Playfield
     84 U0009		       00	   COLUBK     ds	1	; $09	 xxxx xxx0   Color-Luminance Background
     85 U000a		       00	   CTRLPF     ds	1	; $0A	 00xx 0xxx   Control Playfield, Ball, Collisions
     86 U000b		       00	   REFP0      ds	1	; $0B	 0000 x000   Reflection Player 0
     87 U000c		       00	   REFP1      ds	1	; $0C	 0000 x000   Reflection Player 1
     88 U000d		       00	   PF0	      ds	1	; $0D	 xxxx 0000   Playfield Register Byte 0
     89 U000e		       00	   PF1	      ds	1	; $0E	 xxxx xxxx   Playfield Register Byte 1
     90 U000f		       00	   PF2	      ds	1	; $0F	 xxxx xxxx   Playfield Register Byte 2
     91 U0010		       00	   RESP0      ds	1	; $10	 ---- ----   Reset Player 0
     92 U0011		       00	   RESP1      ds	1	; $11	 ---- ----   Reset Player 1
     93 U0012		       00	   RESM0      ds	1	; $12	 ---- ----   Reset Missle 0
     94 U0013		       00	   RESM1      ds	1	; $13	 ---- ----   Reset Missle 1
     95 U0014		       00	   RESBL      ds	1	; $14	 ---- ----   Reset Ball
     96 U0015		       00	   AUDC0      ds	1	; $15	 0000 xxxx   Audio Control 0
     97 U0016		       00	   AUDC1      ds	1	; $16	 0000 xxxx   Audio Control 1
     98 U0017		       00	   AUDF0      ds	1	; $17	 000x xxxx   Audio Frequency 0
     99 U0018		       00	   AUDF1      ds	1	; $18	 000x xxxx   Audio Frequency 1
    100 U0019		       00	   AUDV0      ds	1	; $19	 0000 xxxx   Audio Volume 0
    101 U001a		       00	   AUDV1      ds	1	; $1A	 0000 xxxx   Audio Volume 1
    102 U001b		       00	   GRP0       ds	1	; $1B	 xxxx xxxx   Graphics Register Player 0
    103 U001c		       00	   GRP1       ds	1	; $1C	 xxxx xxxx   Graphics Register Player 1
    104 U001d		       00	   ENAM0      ds	1	; $1D	 0000 00x0   Graphics Enable Missle 0
    105 U001e		       00	   ENAM1      ds	1	; $1E	 0000 00x0   Graphics Enable Missle 1
    106 U001f		       00	   ENABL      ds	1	; $1F	 0000 00x0   Graphics Enable Ball
    107 U0020		       00	   HMP0       ds	1	; $20	 xxxx 0000   Horizontal Motion Player 0
    108 U0021		       00	   HMP1       ds	1	; $21	 xxxx 0000   Horizontal Motion Player 1
    109 U0022		       00	   HMM0       ds	1	; $22	 xxxx 0000   Horizontal Motion Missle 0
    110 U0023		       00	   HMM1       ds	1	; $23	 xxxx 0000   Horizontal Motion Missle 1
    111 U0024		       00	   HMBL       ds	1	; $24	 xxxx 0000   Horizontal Motion Ball
    112 U0025		       00	   VDELP0     ds	1	; $25	 0000 000x   Vertical Delay Player 0
    113 U0026		       00	   VDELP1     ds	1	; $26	 0000 000x   Vertical Delay Player 1
    114 U0027		       00	   VDELBL     ds	1	; $27	 0000 000x   Vertical Delay Ball
    115 U0028		       00	   RESMP0     ds	1	; $28	 0000 00x0   Reset Missle 0 to Player 0
    116 U0029		       00	   RESMP1     ds	1	; $29	 0000 00x0   Reset Missle 1 to Player 1
    117 U002a		       00	   HMOVE      ds	1	; $2A	 ---- ----   Apply Horizontal Motion
    118 U002b		       00	   HMCLR      ds	1	; $2B	 ---- ----   Clear Horizontal Move Registers
    119 U002c		       00	   CXCLR      ds	1	; $2C	 ---- ----   Clear Collision Latches
    120 U002d							;-------------------------------------------------------------------------------
    121 U000e ????				      SEG.U	TIA_REGISTERS_READ
    122 U0000					      ORG	TIA_BASE_READ_ADDRESS
    123 U0000							;											bit 7	 bit 6
    124 U0000		       00	   CXM0P      ds	1	; $00	     xx00 0000	     Read Collision  M0-P1   M0-P0
    125 U0001		       00	   CXM1P      ds	1	; $01	     xx00 0000			     M1-P0   M1-P1
    126 U0002		       00	   CXP0FB     ds	1	; $02	     xx00 0000			     P0-PF   P0-BL
    127 U0003		       00	   CXP1FB     ds	1	; $03	     xx00 0000			     P1-PF   P1-BL
    128 U0004		       00	   CXM0FB     ds	1	; $04	     xx00 0000			     M0-PF   M0-BL
    129 U0005		       00	   CXM1FB     ds	1	; $05	     xx00 0000			     M1-PF   M1-BL
    130 U0006		       00	   CXBLPF     ds	1	; $06	     x000 0000			     BL-PF   -----
    131 U0007		       00	   CXPPMM     ds	1	; $07	     xx00 0000			     P0-P1   M0-M1
    132 U0008		       00	   INPT0      ds	1	; $08	     x000 0000	     Read Pot Port 0
    133 U0009		       00	   INPT1      ds	1	; $09	     x000 0000	     Read Pot Port 1
    134 U000a		       00	   INPT2      ds	1	; $0A	     x000 0000	     Read Pot Port 2
    135 U000b		       00	   INPT3      ds	1	; $0B	     x000 0000	     Read Pot Port 3
    136 U000c		       00	   INPT4      ds	1	; $0C		x000 0000	 Read Input (Trigger) 0
    137 U000d		       00	   INPT5      ds	1	; $0D		x000 0000	 Read Input (Trigger) 1
    138 U000e							;-------------------------------------------------------------------------------
    139 U0298 ????				      SEG.U	RIOT
    140 U0280					      ORG	$280
    141 U0280							; RIOT MEMORY MAP
    142 U0280		       00	   SWCHA      ds	1	; $280      Port A data register for joysticks:
    143 U0281							;			Bits 4-7 for player 1.  Bits 0-3 for player 2.
    144 U0281		       00	   SWACNT     ds	1	; $281      Port A data direction register (DDR)
    145 U0282		       00	   SWCHB      ds	1	; $282		Port B data (console switches)
    146 U0283		       00	   SWBCNT     ds	1	; $283      Port B DDR
    147 U0284		       00	   INTIM      ds	1	; $284		Timer output
    148 U0285		       00	   TIMINT     ds	1	; $285
    149 U0286							; Unused/undefined registers ($285-$294)
    150 U0286		       00		      ds	1	; $286
    151 U0287		       00		      ds	1	; $287
    152 U0288		       00		      ds	1	; $288
    153 U0289		       00		      ds	1	; $289
    154 U028a		       00		      ds	1	; $28A
    155 U028b		       00		      ds	1	; $28B
    156 U028c		       00		      ds	1	; $28C
    157 U028d		       00		      ds	1	; $28D
    158 U028e		       00		      ds	1	; $28E
    159 U028f		       00		      ds	1	; $28F
    160 U0290		       00		      ds	1	; $290
    161 U0291		       00		      ds	1	; $291
    162 U0292		       00		      ds	1	; $292
    163 U0293		       00		      ds	1	; $293
    164 U0294		       00	   TIM1T      ds	1	; $294		set 1 clock interval
    165 U0295		       00	   TIM8T      ds	1	; $295      set 8 clock interval
    166 U0296		       00	   TIM64T     ds	1	; $296      set 64 clock interval
    167 U0297		       00	   T1024T     ds	1	; $297      set 1024 clock interval
    168 U0298							;-------------------------------------------------------------------------------
    169 U0298							; The following required for back-compatibility with code which does not use
    170 U0298							; segments.
    171  0000 ????				      SEG
    172  0000 ????						; EOF
------- FILE bomber.asm
      5  0000 ????
      6 U0099 ????				      seg.u	Variables
      7 U0080					      org	$80
      8 U0080
      9 U0080		       00	   JetXPos    byte.b
     10 U0081		       00	   JetYPos    byte.b
     11 U0082		       00	   BomberXPos byte.b
     12 U0083		       00	   BomberYPos byte.b
     13 U0084		       00	   Score      byte.b
     14 U0085		       00	   Timer      byte.b
     15 U0086		       00	   Temp       byte.b
     16 U0087		       00 00	   OnesDigitOffset word.w
     17 U0089		       00 00	   TensDigitOffset word.w
     18 U008b		       00 00	   BallDudePtr word.w
     19 U008d		       00 00	   AdrienPtr  word.w
     20 U008f		       00 00	   BallDudeColPtr word.w
     21 U0091		       00 00	   AdrienColPtr word.w
     22 U0093		       00	   JetAnimOffset byte.b
     23 U0094		       00	   Random     byte.b
     24 U0095		       00	   ScoreSprite byte.b
     25 U0096		       00	   TimerSprite byte.b
     26 U0097		       00	   TerrainColour byte.b
     27 U0098		       00	   RiverColour byte.b
     28 U0099
     29 U0099							; Define constants
     30 U0099		       00 09	   SPRITE_HEIGHT =	9
     31 U0099		       00 05	   DIGIT_HEIGHT =	5
     32 U0099		       00 08	   SCOREBOARD_HEIGHT =	8
     33 U0099
     34  10000 ????				       seg	Code
     35  f000					      org	$F000
     36  f000
     37  f000				   Reset
      0  f000					      CLEAN_START
      1  f000		       78		      sei
      2  f001		       d8		      cld
      3  f002
      4  f002		       a2 00		      ldx	#0
      5  f004		       8a		      txa
      6  f005		       a8		      tay
      7  f006		       ca	   .CLEAR_STACK dex
      8  f007		       9a		      txs
      9  f008		       48		      pha
     10  f009		       d0 fb		      bne	.CLEAR_STACK
     11  f00b
     39  f00b
     40  f00b							; Initialise RAM variables and TIA registers
     41  f00b							; Set initial player coordinates
     42  f00b		       a9 32		      lda	#50
     43  f00d		       85 81		      sta	JetYPos
     44  f00f		       a9 50		      lda	#80
     45  f011		       85 80		      sta	JetXPos
     46  f013
     47  f013							; Set initial bomber coordinates
     48  f013							; Basically just some random coordinates as placeholder lol
     49  f013		       a9 53		      lda	#83
     50  f015		       85 83		      sta	BomberYPos
     51  f017		       a9 50		      lda	#80
     52  f019		       85 82		      sta	BomberXPos
     53  f01b		       a9 d4		      lda	#%11010100
     54  f01d		       85 94		      sta	Random
     55  f01f		       a9 00		      lda	#0
     56  f021		       85 84		      sta	Score
     57  f023		       85 85		      sta	Timer
     58  f025
     59  f025							; Initialise sprite and palette pointers
     60  f025		       a9 fe		      lda	#<BallDude
     61  f027		       85 8b		      sta	BallDudePtr
     62  f029		       a9 f2		      lda	#>BallDude
     63  f02b		       85 8c		      sta	BallDudePtr+1
     64  f02d
     65  f02d		       a9 10		      lda	#<Adrien
     66  f02f		       85 8d		      sta	AdrienPtr
     67  f031		       a9 f3		      lda	#>Adrien
     68  f033		       85 8e		      sta	AdrienPtr+1
     69  f035
     70  f035		       a9 19		      lda	#<BallDudeCol
     71  f037		       85 8f		      sta	BallDudeColPtr
     72  f039		       a9 f3		      lda	#>BallDudeCol
     73  f03b		       85 90		      sta	BallDudeColPtr+1
     74  f03d
     75  f03d		       a9 2b		      lda	#<AdrienCol
     76  f03f		       85 91		      sta	AdrienColPtr
     77  f041		       a9 f3		      lda	#>AdrienCol
     78  f043		       85 92		      sta	AdrienColPtr+1
     79  f045
     80  f045							; Begin rendering
     81  f045				   StartFrame
     82  f045							;;;;;;;;;;;;;;;;;;;;;;;;;;;;;;;;;;;;;;;;;;;;;;;;;;;;;;;;;;;;;;;;;;;;;;;;;;;;;;;;
     83  f045							; Pre-vblank calculations
     84  f045							;;;;;;;;;;;;;;;;;;;;;;;;;;;;;;;;;;;;;;;;;;;;;;;;;;;;;;;;;;;;;;;;;;;;;;;;;;;;;;;;
     85  f045							; Turn on vblank and vsync
     86  f045		       a2 02		      ldx	#2
     87  f047		       86 01		      stx	VBLANK
     88  f049		       86 00		      stx	VSYNC
     89  f04b					      REPEAT	3
     90  f04b		       86 02		      stx	WSYNC
     89  f04b					      REPEND
     90  f04d		       86 02		      stx	WSYNC
     89  f04d					      REPEND
     90  f04f		       86 02		      stx	WSYNC
     91  f051					      REPEND
     92  f051							; Turn off vsync
     93  f051		       a2 00		      ldx	#0
     94  f053		       86 00		      stx	VSYNC
     95  f055
     96  f055							; Render VBLANK
     97  f055					      REPEAT	37
     98  f055		       86 02		      stx	WSYNC
     97  f055					      REPEND
     98  f057		       86 02		      stx	WSYNC
     97  f057					      REPEND
     98  f059		       86 02		      stx	WSYNC
     97  f059					      REPEND
     98  f05b		       86 02		      stx	WSYNC
     97  f05b					      REPEND
     98  f05d		       86 02		      stx	WSYNC
     97  f05d					      REPEND
     98  f05f		       86 02		      stx	WSYNC
     97  f05f					      REPEND
     98  f061		       86 02		      stx	WSYNC
     97  f061					      REPEND
     98  f063		       86 02		      stx	WSYNC
     97  f063					      REPEND
     98  f065		       86 02		      stx	WSYNC
     97  f065					      REPEND
     98  f067		       86 02		      stx	WSYNC
     97  f067					      REPEND
     98  f069		       86 02		      stx	WSYNC
     97  f069					      REPEND
     98  f06b		       86 02		      stx	WSYNC
     97  f06b					      REPEND
     98  f06d		       86 02		      stx	WSYNC
     97  f06d					      REPEND
     98  f06f		       86 02		      stx	WSYNC
     97  f06f					      REPEND
     98  f071		       86 02		      stx	WSYNC
     97  f071					      REPEND
     98  f073		       86 02		      stx	WSYNC
     97  f073					      REPEND
     98  f075		       86 02		      stx	WSYNC
     97  f075					      REPEND
     98  f077		       86 02		      stx	WSYNC
     97  f077					      REPEND
     98  f079		       86 02		      stx	WSYNC
     97  f079					      REPEND
     98  f07b		       86 02		      stx	WSYNC
     97  f07b					      REPEND
     98  f07d		       86 02		      stx	WSYNC
     97  f07d					      REPEND
     98  f07f		       86 02		      stx	WSYNC
     97  f07f					      REPEND
     98  f081		       86 02		      stx	WSYNC
     97  f081					      REPEND
     98  f083		       86 02		      stx	WSYNC
     97  f083					      REPEND
     98  f085		       86 02		      stx	WSYNC
     97  f085					      REPEND
     98  f087		       86 02		      stx	WSYNC
     97  f087					      REPEND
     98  f089		       86 02		      stx	WSYNC
     97  f089					      REPEND
     98  f08b		       86 02		      stx	WSYNC
     97  f08b					      REPEND
     98  f08d		       86 02		      stx	WSYNC
     97  f08d					      REPEND
     98  f08f		       86 02		      stx	WSYNC
     97  f08f					      REPEND
     98  f091		       86 02		      stx	WSYNC
     97  f091					      REPEND
     98  f093		       86 02		      stx	WSYNC
     97  f093					      REPEND
     98  f095		       86 02		      stx	WSYNC
     97  f095					      REPEND
     98  f097		       86 02		      stx	WSYNC
     97  f097					      REPEND
     98  f099		       86 02		      stx	WSYNC
     97  f099					      REPEND
     98  f09b		       86 02		      stx	WSYNC
     97  f09b					      REPEND
     98  f09d		       86 02		      stx	WSYNC
     99  f09f					      REPEND
    100  f09f
    101  f09f		       a5 80		      lda	JetXPos
    102  f0a1		       a0 00		      ldy	#0	; Corresponds to P0
    103  f0a3		       20 4a f2 	      jsr	SetObjXPos
    104  f0a6
    105  f0a6		       a5 82		      lda	BomberXPos
    106  f0a8		       a0 01		      ldy	#1	; Corresponds to p1
    107  f0aa		       20 4a f2 	      jsr	SetObjXPos
    108  f0ad
    109  f0ad		       20 8b f2 	      jsr	CalculateDigitOffset	; Calculate scoreboard digit lookup table offset
    110  f0b0
    111  f0b0							; Poke registers
    112  f0b0		       85 02		      sta	WSYNC
    113  f0b2		       85 2a		      sta	HMOVE
    114  f0b4
    115  f0b4		       a2 00		      ldx	#0
    116  f0b6							; Turn off VBLANK
    117  f0b6		       86 01		      stx	VBLANK
    118  f0b8
    119  f0b8							; Render scoreboard
    120  f0b8							; Clear playfield registers so nothing is drawn
    121  f0b8		       a9 00		      lda	#0
    122  f0ba		       85 0d		      sta	PF0
    123  f0bc		       85 0e		      sta	PF1
    124  f0be		       85 0f		      sta	PF2
    125  f0c0		       85 1b		      sta	GRP0
    126  f0c2		       85 1c		      sta	GRP1
    127  f0c4		       85 0a		      sta	CTRLPF
    128  f0c6		       85 09		      sta	COLUBK
    129  f0c8
    130  f0c8							; Set playfield colour
    131  f0c8		       a9 1e		      lda	#$1E
    132  f0ca		       85 08		      sta	COLUPF
    133  f0cc
    134  f0cc							; Draw the scoreboard
    135  f0cc		       a2 05		      ldx	#DIGIT_HEIGHT
    136  f0ce				   .ScoreDigitLoop
    137  f0ce		       a4 89		      ldy	TensDigitOffset
    138  f0d0		       b9 ae f2 	      lda	Digits,Y
    139  f0d3		       29 f0		      and	#$F0	; Mask the graphics for the ones digits
    140  f0d5		       85 95		      sta	ScoreSprite
    141  f0d7
    142  f0d7		       a4 87		      ldy	OnesDigitOffset
    143  f0d9		       b9 ae f2 	      lda	Digits,Y
    144  f0dc		       29 0f		      and	#$0F	; Mask the graphics for the tens digits
    145  f0de		       05 95		      ora	ScoreSprite
    146  f0e0		       85 95		      sta	ScoreSprite
    147  f0e2
    148  f0e2		       85 02		      sta	WSYNC	; poke
    149  f0e4		       85 0e		      sta	PF1	; Display score sprite
    150  f0e6
    151  f0e6		       a4 8a		      ldy	TensDigitOffset+1	; Tens digit for the timer
    152  f0e8		       b9 ae f2 	      lda	Digits,Y
    153  f0eb		       29 f0		      and	#$F0
    154  f0ed		       85 96		      sta	TimerSprite
    155  f0ef
    156  f0ef		       a4 88		      ldy	OnesDigitOffset+1
    157  f0f1		       b9 ae f2 	      lda	Digits,Y
    158  f0f4		       29 0f		      and	#$0F
    159  f0f6		       05 96		      ora	TimerSprite
    160  f0f8		       85 96		      sta	TimerSprite
    161  f0fa
    162  f0fa							; Waste clock cycles
    163  f0fa		       20 ad f2 	      jsr	Sleep12Cycles
    164  f0fd
    165  f0fd		       85 0e		      sta	PF1
    166  f0ff
    167  f0ff							; 2-kernel display so strobe
    168  f0ff		       a4 95		      ldy	ScoreSprite
    169  f101		       85 02		      sta	WSYNC
    170  f103
    171  f103		       84 0e		      sty	PF1
    172  f105		       e6 89		      inc	TensDigitOffset
    173  f107		       e6 8a		      inc	TensDigitOffset+1
    174  f109		       e6 87		      inc	OnesDigitOffset
    175  f10b		       e6 88		      inc	OnesDigitOffset+1
    176  f10d
    177  f10d		       20 ad f2 	      jsr	Sleep12Cycles
    178  f110
    179  f110		       ca		      dex
    180  f111		       85 0e		      sta	PF1
    181  f113		       d0 b9		      bne	.ScoreDigitLoop
    182  f115
    183  f115		       85 02		      sta	WSYNC
    184  f117
    185  f117							; Add padding under the scoreboard
    186  f117		       a9 00		      lda	#0
    187  f119		       85 0d		      sta	PF0
    188  f11b		       85 0e		      sta	PF1
    189  f11d		       85 0f		      sta	PF2
    190  f11f
    191  f11f					      REPEAT	3
    192  f11f		       85 02		      sta	WSYNC
    191  f11f					      REPEND
    192  f121		       85 02		      sta	WSYNC
    191  f121					      REPEND
    192  f123		       85 02		      sta	WSYNC
    193  f125					      REPEND
    194  f125
    195  f125							; Render the visible scanlines
    196  f125				   VisibleScanlines
    197  f125							; Set background colour
    198  f125		       a5 98		      lda	RiverColour
    199  f127		       85 09		      sta	COLUBK
    200  f129							; Set playfield colour
    201  f129		       a5 97		      lda	TerrainColour
    202  f12b		       85 08		      sta	COLUPF
    203  f12d
    204  f12d							; Setup playfield
    205  f12d		       a9 f0		      lda	#%11110000	; PF0 uses first 4 bits and is reversed
    206  f12f		       85 0d		      sta	PF0
    207  f131		       a9 c0		      lda	#%11000000
    208  f133		       85 0e		      sta	PF1
    209  f135		       a9 00		      lda	#0
    210  f137		       85 0f		      sta	PF2
    211  f139
    212  f139							; Playfield reflection
    213  f139		       a9 01		      lda	#%00000001
    214  f13b		       85 0a		      sta	CTRLPF
    215  f13d
    216  f13d							; 81 to account for the size of the scoreboard
    217  f13d		       a2 51		      ldx	#81
    218  f13f
    219  f13f							; Render the 96 visible scanline
    220  f13f							; Using a 2 line kernel
    221  f13f				   .GameLineLoop
    222  f13f				   .InsideBallDude
    223  f13f		       8a		      txa
    224  f140		       38		      sec
    225  f141		       e5 81		      sbc	JetYPos
    226  f143		       c5 09		      cmp	SPRITE_HEIGHT
    227  f145		       90 02		      bcc	.DrawSpriteP0
    228  f147		       a9 00		      lda	#0
    229  f149
    230  f149				   .DrawSpriteP0
    231  f149		       18		      clc
    232  f14a		       65 93		      adc	JetAnimOffset
    233  f14c		       a8		      tay
    234  f14d		       b1 8b		      lda	(BallDudePtr),Y	; Y register is only register that can work with pointers
    235  f14f		       85 02		      sta	WSYNC	; Wait for scanline
    236  f151		       85 1b		      sta	GRP0	; Set graphics for P0
    237  f153		       b1 8f		      lda	(BallDudeColPtr),Y
    238  f155		       85 06		      sta	COLUP0
    239  f157
    240  f157				   .InsideAdrien
    241  f157		       8a		      txa
    242  f158		       38		      sec
    243  f159		       e5 83		      sbc	BomberYPos
    244  f15b		       c5 09		      cmp	SPRITE_HEIGHT
    245  f15d		       90 02		      bcc	.DrawSpriteP1
    246  f15f		       a9 00		      lda	#0
    247  f161
    248  f161				   .DrawSpriteP1
    249  f161		       a8		      tay
    250  f162
    251  f162							; Set Adrien to be thicc because it'll be funny idk
    252  f162		       a9 07		      lda	#%00000111
    253  f164		       85 05		      sta	NUSIZ1
    254  f166		       98		      tya
    255  f167
    256  f167		       b1 8d		      lda	(AdrienPtr),Y	; Y register is only register that can work with pointers
    257  f169		       85 02		      sta	WSYNC	; Wait for scanline
    258  f16b		       85 1c		      sta	GRP1	; Set graphics for P0
    259  f16d		       b1 91		      lda	(AdrienColPtr),Y
    260  f16f		       85 07		      sta	COLUP1
    261  f171
    262  f171		       ca		      dex
    263  f172		       d0 cb		      bne	.GameLineLoop
    264  f174
    265  f174							; Display vblank
    266  f174				   Overscan
    267  f174		       a9 02		      lda	#2
    268  f176		       85 01		      sta	VBLANK
    269  f178					      REPEAT	30
    270  f178		       85 02		      sta	WSYNC
    269  f178					      REPEND
    270  f17a		       85 02		      sta	WSYNC
    269  f17a					      REPEND
    270  f17c		       85 02		      sta	WSYNC
    269  f17c					      REPEND
    270  f17e		       85 02		      sta	WSYNC
    269  f17e					      REPEND
    270  f180		       85 02		      sta	WSYNC
    269  f180					      REPEND
    270  f182		       85 02		      sta	WSYNC
    269  f182					      REPEND
    270  f184		       85 02		      sta	WSYNC
    269  f184					      REPEND
    270  f186		       85 02		      sta	WSYNC
    269  f186					      REPEND
    270  f188		       85 02		      sta	WSYNC
    269  f188					      REPEND
    270  f18a		       85 02		      sta	WSYNC
    269  f18a					      REPEND
    270  f18c		       85 02		      sta	WSYNC
    269  f18c					      REPEND
    270  f18e		       85 02		      sta	WSYNC
    269  f18e					      REPEND
    270  f190		       85 02		      sta	WSYNC
    269  f190					      REPEND
    270  f192		       85 02		      sta	WSYNC
    269  f192					      REPEND
    270  f194		       85 02		      sta	WSYNC
    269  f194					      REPEND
    270  f196		       85 02		      sta	WSYNC
    269  f196					      REPEND
    270  f198		       85 02		      sta	WSYNC
    269  f198					      REPEND
    270  f19a		       85 02		      sta	WSYNC
    269  f19a					      REPEND
    270  f19c		       85 02		      sta	WSYNC
    269  f19c					      REPEND
    270  f19e		       85 02		      sta	WSYNC
    269  f19e					      REPEND
    270  f1a0		       85 02		      sta	WSYNC
    269  f1a0					      REPEND
    270  f1a2		       85 02		      sta	WSYNC
    269  f1a2					      REPEND
    270  f1a4		       85 02		      sta	WSYNC
    269  f1a4					      REPEND
    270  f1a6		       85 02		      sta	WSYNC
    269  f1a6					      REPEND
    270  f1a8		       85 02		      sta	WSYNC
    269  f1a8					      REPEND
    270  f1aa		       85 02		      sta	WSYNC
    269  f1aa					      REPEND
    270  f1ac		       85 02		      sta	WSYNC
    269  f1ac					      REPEND
    270  f1ae		       85 02		      sta	WSYNC
    269  f1ae					      REPEND
    270  f1b0		       85 02		      sta	WSYNC
    269  f1b0					      REPEND
    270  f1b2		       85 02		      sta	WSYNC
    271  f1b4					      REPEND
    272  f1b4
    273  f1b4		       a9 00		      lda	#0
    274  f1b6		       85 01		      sta	VBLANK
    275  f1b8
    276  f1b8							;;;;;;;;;;;;;;;;;;;;;;;;;;;;;;;;;;;;;;;;;;;;;;;;;;;;;;;;;;;;;;;;;;;;;;;;;;;;;;;;
    277  f1b8							; Joystick input
    278  f1b8							;;;;;;;;;;;;;;;;;;;;;;;;;;;;;;;;;;;;;;;;;;;;;;;;;;;;;;;;;;;;;;;;;;;;;;;;;;;;;;;;
    279  f1b8		       a6 80		      ldx	JetXPos
    280  f1ba				   CheckP0Up
    281  f1ba		       a9 10		      lda	#%00010000
    282  f1bc		       2c 80 02 	      bit	SWCHA
    283  f1bf		       d0 02		      bne	CheckP0Down
    284  f1c1		       e6 81		      inc	JetYPos
    285  f1c3				   CheckP0Down
    286  f1c3		       a9 20		      lda	#%00100000
    287  f1c5		       2c 80 02 	      bit	SWCHA
    288  f1c8		       d0 02		      bne	ClampYHigh
    289  f1ca		       c6 81		      dec	JetYPos
    290  f1cc				   ClampYHigh
    291  f1cc							; Here we will limit jet's y-range
    292  f1cc							; Max y is 96, min y is 0
    293  f1cc		       18		      clc
    294  f1cd		       a5 81		      lda	JetYPos
    295  f1cf		       65 08		      adc	SCOREBOARD_HEIGHT
    296  f1d1		       18		      clc
    297  f1d2		       c9 60		      cmp	#96
    298  f1d4		       90 07		      bcc	ClampYLow
    299  f1d6		       a9 60		      lda	#96
    300  f1d8		       18		      clc
    301  f1d9		       e5 08		      sbc	SCOREBOARD_HEIGHT
    302  f1db		       85 81		      sta	JetYPos
    303  f1dd				   ClampYLow
    304  f1dd		       18		      clc
    305  f1de		       a9 00		      lda	#0
    306  f1e0		       65 09		      adc	SPRITE_HEIGHT
    307  f1e2		       18		      clc
    308  f1e3		       c5 81		      cmp	JetYPos
    309  f1e5		       90 02		      bcc	CheckP0Left
    310  f1e7		       85 81		      sta	JetYPos
    311  f1e9				   CheckP0Left
    312  f1e9							; Store the X position so we can restore it if we collide with the playfield
    313  f1e9		       a4 80		      ldy	JetXPos
    314  f1eb		       a9 40		      lda	#%01000000
    315  f1ed		       2c 80 02 	      bit	SWCHA
    316  f1f0		       d0 02		      bne	CheckP0Right
    317  f1f2		       c6 80		      dec	JetXPos
    318  f1f4				   CheckP0Right
    319  f1f4		       a9 80		      lda	#%10000000
    320  f1f6		       2c 80 02 	      bit	SWCHA
    321  f1f9		       d0 02		      bne	ClampXPos
    322  f1fb		       e6 80		      inc	JetXPos
    323  f1fd				   ClampXPos
    324  f1fd							; Check if we've collided with the playfield and if we have restore our X position to that saved in the y register
    325  f1fd		       a9 80		      lda	#%10000000
    326  f1ff		       24 02		      bit	CXP0FB
    327  f201		       f0 0f		      beq	NoInput	;Zero flag is set if a&bit is zero (lol)
    328  f203							; This will restore the jet x position from the y register if we have hit the playfield
    329  f203		       98		      tya
    330  f204							; Collisions are precise so we need to account for different collision masks
    331  f204							; The moving sprite and static sprite are 1 pixel different
    332  f204		       18		      clc
    333  f205		       c9 50		      cmp	#80
    334  f207		       b0 05		      bcs	ShiftRight
    335  f209		       69 01		      adc	#1
    336  f20b		       4c 10 f2 	      jmp	UpdateJetPos
    337  f20e				   ShiftRight
    338  f20e		       e9 01		      sbc	#1
    339  f210				   UpdateJetPos
    340  f210		       85 80		      sta	JetXPos
    341  f212				   NoInput
    342  f212		       a9 00		      lda	#0
    343  f214		       85 93		      sta	JetAnimOffset
    344  f216		       e4 80		      cpx	JetXPos
    345  f218		       f0 04		      beq	NoChange
    346  f21a							; Set the sprite pointer to BallDude Turning
    347  f21a		       a5 09		      lda	SPRITE_HEIGHT
    348  f21c		       85 93		      sta	JetAnimOffset
    349  f21e				   NoChange
    350  f21e
    351  f21e				   UpdateBomberPosition
    352  f21e		       18		      clc
    353  f21f		       a5 83		      lda	BomberYPos
    354  f221		       c9 00		      cmp	#0
    355  f223		       30 05		      bmi	.ResetBomberPosition
    356  f225
    357  f225		       c6 83		      dec	BomberYPos
    358  f227		       4c 2d f2 	      jmp	EndPositionUpdate
    359  f22a
    360  f22a				   .ResetBomberPosition
    361  f22a		       20 6b f2 	      jsr	SpawnBomber
    362  f22d
    363  f22d				   EndPositionUpdate
    364  f22d							; Collision checks
    365  f22d				   CheckCollisionP0P1
    366  f22d		       a9 80		      lda	#%10000000
    367  f22f		       24 07		      bit	CXPPMM
    368  f231		       d0 06		      bne	.CollisionP0P1	; Zero flag is set if a&bit is zero (lol)
    369  f233		       20 41 f2 	      jsr	SetTerrainRiverColour
    370  f236		       4c 3c f2 	      jmp	EndCollisionCheck
    371  f239				   .CollisionP0P1
    372  f239		       20 5e f2 	      jsr	GameOver
    373  f23c
    374  f23c				   EndCollisionCheck
    375  f23c		       85 2c		      sta	CXCLR	; Poke clear collision check register
    376  f23e							; Loop forever
    377  f23e		       4c 45 f0 	      jmp	StartFrame
    378  f241
    379  f241							;;;;;;;;;;;;;;;;;;;;;;;;;;;;;;;;;;;;;;;;;;;;;;;;;;;;;;;;;;;;;;;;;;;;;;;;;;;;;;;;
    380  f241							; Set terrain/river colour to green/blue
    381  f241							;;;;;;;;;;;;;;;;;;;;;;;;;;;;;;;;;;;;;;;;;;;;;;;;;;;;;;;;;;;;;;;;;;;;;;;;;;;;;;;;
    382  f241				   SetTerrainRiverColour subroutine
    383  f241		       a9 c2		      lda	#$C2
    384  f243		       85 97		      sta	TerrainColour
    385  f245		       a9 84		      lda	#$84
    386  f247		       85 98		      sta	RiverColour
    387  f249
    388  f249		       60		      rts
    389  f24a
    390  f24a
    391  f24a							;;;;;;;;;;;;;;;;;;;;;;;;;;;;;;;;;;;;;;;;;;;;;;;;;;;;;;;;;;;;;;;;;;;;;;;;;;;;;;;;
    392  f24a							; accumulator contains x-posiiton
    393  f24a							; y register contains object (0:player0, 1:player1, 2:missile0, 3:missile1, 4:ball)
    394  f24a							;;;;;;;;;;;;;;;;;;;;;;;;;;;;;;;;;;;;;;;;;;;;;;;;;;;;;;;;;;;;;;;;;;;;;;;;;;;;;;;;
    395  f24a				   SetObjXPos subroutine
    396  f24a		       85 02		      sta	WSYNC
    397  f24c		       38		      sec
    398  f24d				   .DivideLoop
    399  f24d		       e9 0f		      sbc	#15
    400  f24f		       b0 fc		      bcs	.DivideLoop	; loop while carry is set
    401  f251
    402  f251		       49 07		      eor	#7	; exclusive OR with accumulator
    403  f253							; A will be between -8 and 7
    404  f253					      REPEAT	4
    405  f253		       0a		      asl		; bitshift a, HMP0 uses only 4 bits
    404  f253					      REPEND
    405  f254		       0a		      asl		; bitshift a, HMP0 uses only 4 bits
    404  f254					      REPEND
    405  f255		       0a		      asl		; bitshift a, HMP0 uses only 4 bits
    404  f255					      REPEND
    405  f256		       0a		      asl		; bitshift a, HMP0 uses only 4 bits
    406  f257					      REPEND
    407  f257
    408  f257		       99 20 00 	      sta	HMP0,Y	; set fine position value
    409  f25a		       99 10 00 	      sta	RESP0,Y	; set coarse position value
    410  f25d		       60		      rts
    411  f25e
    412  f25e							;;;;;;;;;;;;;;;;;;;;;;;;;;;;;;;;;;;;;;;;;;;;;;;;;;;;;;;;;;;;;;;;;;;;;;;;;;;;;;;;
    413  f25e							; GameOver Subroutine
    414  f25e							;;;;;;;;;;;;;;;;;;;;;;;;;;;;;;;;;;;;;;;;;;;;;;;;;;;;;;;;;;;;;;;;;;;;;;;;;;;;;;;;
    415  f25e				   GameOver   subroutine
    416  f25e							; Set background to red for one frame
    417  f25e		       a9 30		      lda	#$30
    418  f260		       85 97		      sta	TerrainColour
    419  f262		       85 98		      sta	RiverColour
    420  f264
    421  f264		       a9 00		      lda	#0
    422  f266		       85 84		      sta	Score
    423  f268		       85 85		      sta	Timer
    424  f26a
    425  f26a		       60		      rts
    426  f26b
    427  f26b
    428  f26b							;;;;;;;;;;;;;;;;;;;;;;;;;;;;;;;;;;;;;;;;;;;;;;;;;;;;;;;;;;;;;;;;;;;;;;;;;;;;;;;;
    429  f26b							; generate random number using LFSR
    430  f26b							;;;;;;;;;;;;;;;;;;;;;;;;;;;;;;;;;;;;;;;;;;;;;;;;;;;;;;;;;;;;;;;;;;;;;;;;;;;;;;;;
    431  f26b				   SpawnBomber subroutine
    432  f26b							; The LFSR
    433  f26b		       a5 94		      lda	Random
    434  f26d		       0a		      asl
    435  f26e		       45 94		      eor	Random
    436  f270		       0a		      asl
    437  f271		       45 94		      eor	Random
    438  f273		       0a		      asl
    439  f274		       0a		      asl
    440  f275		       45 94		      eor	Random
    441  f277		       0a		      asl
    442  f278		       26 94		      rol	Random
    443  f27a
    444  f27a							; Divide by 4 to match playfield size
    445  f27a		       4a		      lsr
    446  f27b		       4a		      lsr
    447  f27c		       85 82		      sta	BomberXPos
    448  f27e		       a9 1e		      lda	#30	; Add 30 for playfield bounds
    449  f280		       65 82		      adc	BomberXPos
    450  f282		       85 82		      sta	BomberXPos
    451  f284
    452  f284		       a9 60		      lda	#96
    453  f286		       85 83		      sta	BomberYPos
    454  f288
    455  f288							; Increment score by one because we avoided the Bomber well done
    456  f288		       e6 84		      inc	Score
    457  f28a		       60		      rts
    458  f28b
    459  f28b							;;;;;;;;;;;;;;;;;;;;;;;;;;;;;;;;;;;;;;;;;;;;;;;;;;;;;;;;;;;;;;;;;;;;;;;;;;;;;;;;
    460  f28b							; Set scoreboard digits to be displayed to screen
    461  f28b							; We do it in hex because it's easier or something idk lol
    462  f28b							; I'll probably come back to this to try make a decimal display
    463  f28b							;;;;;;;;;;;;;;;;;;;;;;;;;;;;;;;;;;;;;;;;;;;;;;;;;;;;;;;;;;;;;;;;;;;;;;;;;;;;;;;;
    464  f28b				   CalculateDigitOffset subroutine
    465  f28b		       a2 01		      ldx	#1
    466  f28d				   .PrepareScoreLoop
    467  f28d							; Ones digit
    468  f28d		       b5 84		      lda	Score,X	; Timer when x = 1
    469  f28f		       29 0f		      and	#%00001111
    470  f291		       85 86		      sta	Temp
    471  f293		       0a		      asl
    472  f294		       0a		      asl
    473  f295		       65 86		      adc	Temp
    474  f297		       95 87		      sta	OnesDigitOffset,X
    475  f299							; Tens digit
    476  f299		       b5 84		      lda	Score,X
    477  f29b		       29 f0		      and	#%11110000
    478  f29d		       85 86		      sta	Temp
    479  f29f		       4a		      lsr
    480  f2a0		       4a		      lsr
    481  f2a1		       85 86		      sta	Temp
    482  f2a3		       4a		      lsr
    483  f2a4		       4a		      lsr
    484  f2a5		       65 86		      adc	Temp
    485  f2a7		       95 89		      sta	TensDigitOffset,X
    486  f2a9
    487  f2a9		       ca		      dex
    488  f2aa		       10 e1		      bpl	.PrepareScoreLoop
    489  f2ac		       60		      rts
    490  f2ad
    491  f2ad							;;;;;;;;;;;;;;;;;;;;;;;;;;;;;;;;;;;;;;;;;;;;;;;;;;;;;;;;;;;;;;;;;;;;;;;;;;;;;;;;
    492  f2ad							; Sleep 12 cycles
    493  f2ad							; jsr takes 6 cycle, rts takes 6 cycles
    494  f2ad							;;;;;;;;;;;;;;;;;;;;;;;;;;;;;;;;;;;;;;;;;;;;;;;;;;;;;;;;;;;;;;;;;;;;;;;;;;;;;;;;
    495  f2ad				   Sleep12Cycles subroutine
    496  f2ad		       60		      rts
    497  f2ae
    498  f2ae
    499  f2ae							; Sprites
    500  f2ae				   Digits
    501  f2ae		       77		      .byte.b	%01110111	; ### ###
    502  f2af		       55		      .byte.b	%01010101	; # # # #
    503  f2b0		       55		      .byte.b	%01010101	; # # # #
    504  f2b1		       55		      .byte.b	%01010101	; # # # #
    505  f2b2		       77		      .byte.b	%01110111	; ### ###
    506  f2b3
    507  f2b3		       11		      .byte.b	%00010001	;   #	 #
    508  f2b4		       11		      .byte.b	%00010001	;   #	 #
    509  f2b5		       11		      .byte.b	%00010001	;   #	 #
    510  f2b6		       11		      .byte.b	%00010001	;   #	 #
    511  f2b7		       11		      .byte.b	%00010001	;   #	 #
    512  f2b8
    513  f2b8		       77		      .byte.b	%01110111	; ### ###
    514  f2b9		       11		      .byte.b	%00010001	;   #	 #
    515  f2ba		       77		      .byte.b	%01110111	; ### ###
    516  f2bb		       44		      .byte.b	%01000100	; #   #
    517  f2bc		       77		      .byte.b	%01110111	; ### ###
    518  f2bd
    519  f2bd		       77		      .byte.b	%01110111	; ### ###
    520  f2be		       11		      .byte.b	%00010001	;   #	 #
    521  f2bf		       33		      .byte.b	%00110011	;  ##	##
    522  f2c0		       11		      .byte.b	%00010001	;   #	 #
    523  f2c1		       77		      .byte.b	%01110111	; ### ###
    524  f2c2
    525  f2c2		       55		      .byte.b	%01010101	; # # # #
    526  f2c3		       55		      .byte.b	%01010101	; # # # #
    527  f2c4		       77		      .byte.b	%01110111	; ### ###
    528  f2c5		       11		      .byte.b	%00010001	;   #	 #
    529  f2c6		       11		      .byte.b	%00010001	;   #	 #
    530  f2c7
    531  f2c7		       77		      .byte.b	%01110111	; ### ###
    532  f2c8		       44		      .byte.b	%01000100	; #   #
    533  f2c9		       77		      .byte.b	%01110111	; ### ###
    534  f2ca		       11		      .byte.b	%00010001	;   #	 #
    535  f2cb		       77		      .byte.b	%01110111	; ### ###
    536  f2cc
    537  f2cc		       77		      .byte.b	%01110111	; ### ###
    538  f2cd		       44		      .byte.b	%01000100	; #   #
    539  f2ce		       77		      .byte.b	%01110111	; ### ###
    540  f2cf		       55		      .byte.b	%01010101	; # # # #
    541  f2d0		       77		      .byte.b	%01110111	; ### ###
    542  f2d1
    543  f2d1		       77		      .byte.b	%01110111	; ### ###
    544  f2d2		       11		      .byte.b	%00010001	;   #	 #
    545  f2d3		       11		      .byte.b	%00010001	;   #	 #
    546  f2d4		       11		      .byte.b	%00010001	;   #	 #
    547  f2d5		       11		      .byte.b	%00010001	;   #	 #
    548  f2d6
    549  f2d6		       77		      .byte.b	%01110111	; ### ###
    550  f2d7		       55		      .byte.b	%01010101	; # # # #
    551  f2d8		       77		      .byte.b	%01110111	; ### ###
    552  f2d9		       55		      .byte.b	%01010101	; # # # #
    553  f2da		       77		      .byte.b	%01110111	; ### ###
    554  f2db
    555  f2db		       77		      .byte.b	%01110111	; ### ###
    556  f2dc		       55		      .byte.b	%01010101	; # # # #
    557  f2dd		       77		      .byte.b	%01110111	; ### ###
    558  f2de		       11		      .byte.b	%00010001	;   #	 #
    559  f2df		       77		      .byte.b	%01110111	; ### ###
    560  f2e0
    561  f2e0		       22		      .byte.b	%00100010	;  #	#
    562  f2e1		       55		      .byte.b	%01010101	; # # # #
    563  f2e2		       77		      .byte.b	%01110111	; ### ###
    564  f2e3		       55		      .byte.b	%01010101	; # # # #
    565  f2e4		       55		      .byte.b	%01010101	; # # # #
    566  f2e5
    567  f2e5		       77		      .byte.b	%01110111	; ### ###
    568  f2e6		       55		      .byte.b	%01010101	; # # # #
    569  f2e7		       66		      .byte.b	%01100110	; ##  ##
    570  f2e8		       55		      .byte.b	%01010101	; # # # #
    571  f2e9		       77		      .byte.b	%01110111	; ### ###
    572  f2ea
    573  f2ea		       77		      .byte.b	%01110111	; ### ###
    574  f2eb		       44		      .byte.b	%01000100	; #   #
    575  f2ec		       44		      .byte.b	%01000100	; #   #
    576  f2ed		       44		      .byte.b	%01000100	; #   #
    577  f2ee		       77		      .byte.b	%01110111	; ### ###
    578  f2ef
    579  f2ef		       66		      .byte.b	%01100110	; ##  ##
    580  f2f0		       55		      .byte.b	%01010101	; # # # #
    581  f2f1		       55		      .byte.b	%01010101	; # # # #
    582  f2f2		       55		      .byte.b	%01010101	; # # # #
    583  f2f3		       66		      .byte.b	%01100110	; ##  ##
    584  f2f4
    585  f2f4		       77		      .byte.b	%01110111	; ### ###
    586  f2f5		       44		      .byte.b	%01000100	; #   #
    587  f2f6		       77		      .byte.b	%01110111	; ### ###
    588  f2f7		       44		      .byte.b	%01000100	; #   #
    589  f2f8		       77		      .byte.b	%01110111	; ### ###
    590  f2f9
    591  f2f9		       77		      .byte.b	%01110111	; ### ###
    592  f2fa		       44		      .byte.b	%01000100	; #   #
    593  f2fb		       66		      .byte.b	%01100110	; ##  ##
    594  f2fc		       44		      .byte.b	%01000100	; #   #
    595  f2fd		       44		      .byte.b	%01000100	; #   #
    596  f2fe
    597  f2fe				   BallDude
    598  f2fe		       00		      .byte.b	#%00000000
    599  f2ff		       7e		      .byte.b	#%01111110	;$5A
    600  f300		       ff		      .byte.b	#%11111111	;$5A
    601  f301		       ff		      .byte.b	#%11111111	;$58
    602  f302		       ff		      .byte.b	#%11111111	;$56
    603  f303		       9f		      .byte.b	#%10011111	;$54
    604  f304		       db		      .byte.b	#%11011011	;$54
    605  f305		       fb		      .byte.b	#%11111011	;$52
    606  f306		       76		      .byte.b	#%01110110	;$52
    607  f307				   BallDudeTurning
    608  f307		       00		      .byte.b	#%00000000
    609  f308		       18		      .byte.b	#%00011000	;$5A
    610  f309		       3c		      .byte.b	#%00111100	;$58
    611  f30a		       7e		      .byte.b	#%01111110	;$56
    612  f30b		       7e		      .byte.b	#%01111110	;$54
    613  f30c		       4a		      .byte.b	#%01001010	;$54
    614  f30d		       6a		      .byte.b	#%01101010	;$52
    615  f30e		       34		      .byte.b	#%00110100	;$52
    616  f30f		       18		      .byte.b	#%00011000	;$52
    617  f310				   Adrien
    618  f310		       00		      .byte.b	#%00000000
    619  f311		       ff		      .byte.b	#%11111111	;$16
    620  f312		       e7		      .byte.b	#%11100111	;$16
    621  f313		       e7		      .byte.b	#%11100111	;$18
    622  f314		       7e		      .byte.b	#%01111110	;$18
    623  f315		       5a		      .byte.b	#%01011010	;$1A
    624  f316		       3c		      .byte.b	#%00111100	;$1A
    625  f317		       3c		      .byte.b	#%00111100	;$1C
    626  f318		       18		      .byte.b	#%00011000	;$1C
    627  f319
    628  f319				   BallDudeCol
    629  f319		       00		      .byte.b	#$00
    630  f31a		       5a		      .byte.b	#$5A	;
    631  f31b		       58		      .byte.b	#$58	;
    632  f31c		       56		      .byte.b	#$56	;
    633  f31d		       54		      .byte.b	#$54	;
    634  f31e		       54		      .byte.b	#$54	;
    635  f31f		       52		      .byte.b	#$52	;
    636  f320		       52		      .byte.b	#$52	;
    637  f321		       52		      .byte.b	#$52	;
    638  f322				   BallDudeTurningCol
    639  f322		       00		      .byte.b	#$00
    640  f323		       5a		      .byte.b	#$5A	;
    641  f324		       58		      .byte.b	#$58	;
    642  f325		       56		      .byte.b	#$56	;
    643  f326		       54		      .byte.b	#$54	;
    644  f327		       54		      .byte.b	#$54	;
    645  f328		       52		      .byte.b	#$52	;
    646  f329		       52		      .byte.b	#$52	;
    647  f32a		       52		      .byte.b	#$52	;
    648  f32b				   AdrienCol
    649  f32b		       00		      .byte.b	#$00
    650  f32c		       16		      .byte.b	#$16	;
    651  f32d		       16		      .byte.b	#$16	;
    652  f32e		       18		      .byte.b	#$18	;
    653  f32f		       18		      .byte.b	#$18	;
    654  f330		       1a		      .byte.b	#$1A	;
    655  f331		       1a		      .byte.b	#$1A	;
    656  f332		       1c		      .byte.b	#$1C	;
    657  f333		       1c		      .byte.b	#$1C	;
    658  f334
    659  f334							; Complete ROM with 4kb
    660  fffc					      org	$FFFC
    661  fffc		       00 f0		      word.w	Reset
    662  fffe		       00 f0		      word.w	Reset
